Copyright 1986-2017 Xilinx, Inc. All Rights Reserved.
-------------------------------------------------------------------------------------
| Tool Version : Vivado v.2017.4 (win64) Build 2086221 Fri Dec 15 20:55:39 MST 2017
| Date         : Thu Jul  9 13:22:38 2026
| Host         : WIN-JS24ECESSM5 running 64-bit major release  (build 9200)
| Command      : report_control_sets -verbose -file TopDebug_control_sets_placed.rpt
| Design       : TopDebug
| Device       : xc7a35t
-------------------------------------------------------------------------------------

Control Set Information

Table of Contents
-----------------
1. Summary
2. Flip-Flop Distribution
3. Detailed Control Set Information

1. Summary
----------

+----------------------------------------------------------+-------+
|                          Status                          | Count |
+----------------------------------------------------------+-------+
| Number of unique control sets                            |   616 |
| Unused register locations in slices containing registers |  2494 |
+----------------------------------------------------------+-------+


2. Flip-Flop Distribution
-------------------------

+--------------+-----------------------+------------------------+-----------------+--------------+
| Clock Enable | Synchronous Set/Reset | Asynchronous Set/Reset | Total Registers | Total Slices |
+--------------+-----------------------+------------------------+-----------------+--------------+
| No           | No                    | No                     |               0 |            0 |
| No           | No                    | Yes                    |             258 |          105 |
| No           | Yes                   | No                     |               0 |            0 |
| Yes          | No                    | No                     |              67 |           18 |
| Yes          | No                    | Yes                    |            2765 |         1825 |
| Yes          | Yes                   | No                     |              32 |           28 |
+--------------+-----------------------+------------------------+-----------------+--------------+


3. Detailed Control Set Information
-----------------------------------

+----------------+-----------------------------------------------+-----------------------------------+------------------+----------------+
|  Clock Signal  |                 Enable Signal                 |          Set/Reset Signal         | Slice Load Count | Bel Load Count |
+----------------+-----------------------------------------------+-----------------------------------+------------------+----------------+
|  cpu_clk       | uCPUTop/uIfetch/regFile_reg[3][31][0]         | uDebugCtrl/AR[0]                  |                1 |              1 |
|  cpu_clk       | uCPUTop/uIfetch/regFile_reg[11][31][0]        | uDebugCtrl/AR[0]                  |                1 |              1 |
|  cpu_clk       | uCPUTop/uIfetch/seg_data0_reg_reg[0][0]       | uDebugCtrl/regFile_reg[11][28]    |                1 |              1 |
| ~cpu_clk       | uCPUPipe/uPipeRegs/regFile_reg[1][31][0]      | uDebugCtrl/regFile_reg[9][30]     |                1 |              1 |
|  cpu_clk       | uCPUTop/uIfetch/led_reg_reg[8]_0[0]           | uDebugCtrl/regFile_reg[11][28]    |                1 |              1 |
| ~cpu_clk       | uCPUPipe/uPipeRegs/regFile_reg[7][31][0]      | uDebugCtrl/regFile_reg[9][30]     |                1 |              1 |
|  cpu_clk       | uCPUTop/uIfetch/regFile_reg[13][31][0]        | uDebugCtrl/AR[0]                  |                1 |              1 |
|  cpu_clk       |                                               | uDebugCtrl/AR[1]                  |                1 |              1 |
|  cpu_clk       | uCPUTop/uIfetch/seg_data1_reg_reg[0]_1[0]     | uDebugCtrl/regFile_reg[11][28]    |                1 |              1 |
| ~cpu_clk       | uCPUPipe/uPipeRegs/regFile_reg[2][31][0]      | uDebugCtrl/regFile_reg[9][30]     |                1 |              1 |
|  cpu_clk       | uCPUTop/uIfetch/E[0]                          | uDebugCtrl/AR[0]                  |                1 |              1 |
|  cpu_clk       | uCPUTop/uIfetch/regFile_reg[19][31][0]        | uDebugCtrl/AR[0]                  |                1 |              1 |
|  cpu_clk       | uCPUTop/uIfetch/regFile_reg[15][31][0]        | uDebugCtrl/AR[0]                  |                1 |              1 |
|  cpu_clk       | uCPUTop/uIfetch/seg_cs_reg_reg[0][0]          | uDebugCtrl/regFile_reg[11][28]    |                1 |              1 |
|  cpu_clk       | uCPUTop/uIfetch/regFile_reg[7][31][0]         | uDebugCtrl/AR[0]                  |                1 |              1 |
|  cpu_clk       | uCPUTop/uIfetch/regFile_reg[23][31][0]        | uDebugCtrl/AR[0]                  |                1 |              1 |
|  cpu_clk       | uCPUTop/uIfetch/regFile_reg[27][31][0]        | uDebugCtrl/AR[0]                  |                1 |              1 |
|  cpu_clk       | uCPUTop/uIfetch/regFile_reg[5][31][0]         | uDebugCtrl/AR[0]                  |                1 |              1 |
|  cpu_clk       | uCPUTop/uIfetch/regFile_reg[21][31][0]        | uDebugCtrl/AR[0]                  |                1 |              1 |
|  cpu_clk       | uCPUTop/uIfetch/regFile_reg[29][31][0]        | uDebugCtrl/AR[0]                  |                1 |              1 |
| ~cpu_clk       | uCPUPipe/uPipeRegs/regFile_reg[8][31][0]      | uDebugCtrl/regFile_reg[9][30]     |                1 |              1 |
| ~cpu_clk       | uCPUPipe/uPipeRegs/regFile_reg[6][31][0]      | uDebugCtrl/regFile_reg[9][30]     |                1 |              1 |
| ~cpu_clk       | uCPUPipe/uPipeRegs/regFile_reg[3][31][0]      | uDebugCtrl/regFile_reg[9][30]     |                1 |              1 |
| ~cpu_clk       | uCPUPipe/uPipeRegs/regFile_reg[4][31][0]      | uDebugCtrl/regFile_reg[9][30]     |                1 |              1 |
| ~cpu_clk       | uCPUPipe/uPipeRegs/regFile_reg[5][31][0]      | uDebugCtrl/regFile_reg[9][30]     |                1 |              1 |
| ~cpu_clk       | uCPUPipe/uPipeRegs/regFile_reg[9][31][0]      | uDebugCtrl/regFile_reg[9][30]     |                2 |              2 |
| ~cpu_clk       | uCPUPipe/uPipeRegs/regFile_reg[31][31][0]     | uDebugCtrl/regFile_reg[9][30]     |                2 |              2 |
| ~cpu_clk       | uCPUPipe/uPipeRegs/regFile_reg[12][31][0]     | uDebugCtrl/regFile_reg[9][30]     |                1 |              2 |
| ~cpu_clk       | uCPUPipe/uPipeRegs/regFile_reg[30][31][0]     | uDebugCtrl/regFile_reg[9][30]     |                2 |              2 |
| ~cpu_clk       | uCPUPipe/uPipeRegs/regFile_reg[11][31][0]     | uDebugCtrl/regFile_reg[9][30]     |                2 |              2 |
| ~cpu_clk       | uCPUPipe/uPipeRegs/regFile_reg[18][31][0]     | uDebugCtrl/regFile_reg[9][30]     |                2 |              2 |
| ~cpu_clk       | uCPUPipe/uPipeRegs/regFile_reg[25][31][0]     | uDebugCtrl/regFile_reg[9][30]     |                2 |              2 |
| ~cpu_clk       | uCPUPipe/uPipeRegs/regFile_reg[23][31][0]     | uDebugCtrl/regFile_reg[9][30]     |                2 |              2 |
| ~cpu_clk       | uCPUPipe/uPipeRegs/regFile_reg[28][31][0]     | uDebugCtrl/regFile_reg[9][30]     |                2 |              2 |
| ~cpu_clk       | uCPUPipe/uPipeRegs/regFile_reg[22][31][0]     | uDebugCtrl/regFile_reg[9][30]     |                2 |              2 |
| ~cpu_clk       | uCPUPipe/uPipeRegs/regFile_reg[14][31][0]     | uDebugCtrl/regFile_reg[9][30]     |                1 |              2 |
| ~cpu_clk       | uCPUPipe/uPipeRegs/regFile_reg[17][31][0]     | uDebugCtrl/regFile_reg[9][30]     |                2 |              2 |
| ~cpu_clk       | uCPUPipe/uPipeRegs/regFile_reg[19][31][0]     | uDebugCtrl/regFile_reg[9][30]     |                2 |              2 |
|  vga_clk       |                                               | uDebugCtrl/dmem_dbg_addr_reg[1]_0 |                1 |              2 |
| ~cpu_clk       | uCPUPipe/uPipeRegs/regFile_reg[21][31][0]     | uDebugCtrl/regFile_reg[9][30]     |                2 |              2 |
| ~cpu_clk       | uCPUPipe/uPipeRegs/regFile_reg[26][31][0]     | uDebugCtrl/regFile_reg[9][30]     |                2 |              2 |
| ~cpu_clk       | uCPUPipe/uPipeRegs/regFile_reg[13][31][0]     | uDebugCtrl/regFile_reg[9][30]     |                1 |              2 |
| ~cpu_clk       | uCPUPipe/uPipeRegs/regFile_reg[15][31][0]     | uDebugCtrl/regFile_reg[9][30]     |                2 |              2 |
| ~cpu_clk       | uCPUPipe/uPipeRegs/regFile_reg[16][31][0]     | uDebugCtrl/regFile_reg[9][30]     |                2 |              2 |
| ~cpu_clk       | uCPUPipe/uPipeRegs/regFile_reg[29][31][0]     | uDebugCtrl/regFile_reg[9][30]     |                2 |              2 |
| ~cpu_clk       | uCPUPipe/uPipeRegs/regFile_reg[20][31][0]     | uDebugCtrl/regFile_reg[9][30]     |                2 |              2 |
| ~cpu_clk       | uCPUPipe/uPipeRegs/regFile_reg[24][31][0]     | uDebugCtrl/regFile_reg[9][30]     |                2 |              2 |
| ~cpu_clk       | uCPUPipe/uPipeRegs/regFile_reg[27][31][0]     | uDebugCtrl/regFile_reg[9][30]     |                2 |              2 |
| ~cpu_clk       | uCPUPipe/uPipeRegs/regFile_reg[10][31][0]     | uDebugCtrl/regFile_reg[9][30]     |                1 |              2 |
|  cpu_clk       | uCPUTop/uIfetch/regFile_reg[15][31][0]        | uDebugCtrl/regFile_reg[11][28]    |                2 |              3 |
| ~cpu_clk       | uCPUPipe/uPipeRegs/regFile_reg[20][31][0]     | uDebugCtrl/AR[2]                  |                3 |              3 |
|  cpu_clk       | uCPUTop/uIfetch/regFile_reg[19][31][0]        | uDebugCtrl/regFile_reg[3][20]     |                3 |              3 |
|  cpu_clk       | uCPUTop/uIfetch/regFile_reg[7][31][0]         | uDebugCtrl/regFile_reg[11][28]    |                3 |              3 |
| ~cpu_clk       | uCPUPipe/uPipeRegs/regFile_reg[22][31][0]     | uDebugCtrl/regFile_reg[24][18]    |                2 |              3 |
|  cpu_clk       | uCPUTop/uIfetch/regFile_reg[21][31][0]        | uDebugCtrl/regFile_reg[5][4]      |                3 |              3 |
| ~cpu_clk       | uCPUPipe/uPipeRegs/regFile_reg[18][31][0]     | uDebugCtrl/AR[2]                  |                3 |              3 |
|  cpu_clk       | uCPUTop/uIfetch/regFile_reg[23][31][0]        | uDebugCtrl/regFile_reg[11][28]    |                2 |              3 |
|  cpu_clk       | uCPUTop/uIfetch/regFile_reg[27][31][0]        | uDebugCtrl/regFile_reg[11][28]    |                2 |              3 |
| ~cpu_clk       | uCPUPipe/uPipeRegs/regFile_reg[11][31][0]     | uDebugCtrl/regFile_reg[14][26]    |                3 |              3 |
| ~cpu_clk       | uCPUPipe/uPipeRegs/regFile_reg[11][31][0]     | uDebugCtrl/regFile_reg[12][3]     |                1 |              3 |
| ~cpu_clk       | uCPUPipe/uPipeRegs/regFile_reg[31][31][0]     | uDebugCtrl/AR[2]                  |                3 |              3 |
| ~cpu_clk       | uCPUPipe/uPipeRegs/regFile_reg[18][31][0]     | uDebugCtrl/regFile_reg[19][22]    |                3 |              3 |
|  cpu_clk       | uCPUTop/uIfetch/regFile_reg[5][31][0]         | uDebugCtrl/regFile_reg[25][0]     |                3 |              3 |
|  clk_IBUF_BUFG | uDebugCtrl/dbg_reg_addr[4]_i_1_n_0            | uDebugCtrl/dmem_wr_data_reg[28]_0 |                1 |              3 |
| ~cpu_clk       | uCPUPipe/uPipeRegs/regFile_reg[31][31][0]     | uDebugCtrl/regFile_reg[2][11]     |                2 |              3 |
| ~cpu_clk       | uCPUPipe/uPipeRegs/regFile_reg[7][31][0]      | uDebugCtrl/regFile_reg[12][3]     |                2 |              3 |
|  cpu_clk       | uCPUTop/uIfetch/regFile_reg[29][31][0]        | uDebugCtrl/regFile_reg[13][12]    |                2 |              3 |
|  clk_IBUF_BUFG | uDebugCtrl/cmd_reg                            | uDebugCtrl/dmem_wr_data_reg[28]_0 |                1 |              3 |
| ~cpu_clk       | uCPUPipe/uPipeRegs/regFile_reg[12][31][0]     | uDebugCtrl/AR[2]                  |                3 |              3 |
| ~cpu_clk       | uCPUPipe/uPipeRegs/regFile_reg[12][31][0]     | uDebugCtrl/regFile_reg[14][26]    |                3 |              3 |
| ~cpu_clk       | uCPUPipe/uPipeRegs/regFile_reg[30][31][0]     | uDebugCtrl/AR[2]                  |                3 |              3 |
| ~cpu_clk       | uCPUPipe/uPipeRegs/regFile_reg[8][31][0]      | uDebugCtrl/regFile_reg[12][3]     |                1 |              3 |
| ~cpu_clk       | uCPUPipe/uPipeRegs/regFile_reg[20][31][0]     | uDebugCtrl/regFile_reg[24][18]    |                2 |              3 |
| ~cpu_clk       | uCPUPipe/uPipeRegs/regFile_reg[25][31][0]     | uDebugCtrl/regFile_reg[29][14]    |                2 |              3 |
| ~cpu_clk       | uCPUPipe/uPipeRegs/regFile_reg[25][31][0]     | uDebugCtrl/AR[2]                  |                2 |              3 |
| ~cpu_clk       | uCPUPipe/uPipeRegs/regFile_reg[30][31][0]     | uDebugCtrl/regFile_reg[2][11]     |                3 |              3 |
| ~cpu_clk       | uCPUPipe/uPipeRegs/regFile_reg[28][31][0]     | uDebugCtrl/regFile_reg[29][14]    |                2 |              3 |
| ~cpu_clk       | uCPUPipe/uPipeRegs/regFile_reg[28][31][0]     | uDebugCtrl/AR[2]                  |                3 |              3 |
| ~cpu_clk       | uCPUPipe/uPipeRegs/regFile_reg[23][31][0]     | uDebugCtrl/AR[2]                  |                3 |              3 |
| ~cpu_clk       | uCPUPipe/uPipeRegs/regFile_reg[6][31][0]      | uDebugCtrl/regFile_reg[7][7]      |                2 |              3 |
| ~cpu_clk       | uCPUPipe/uPipeRegs/regFile_reg[23][31][0]     | uDebugCtrl/regFile_reg[24][18]    |                3 |              3 |
| ~cpu_clk       | uCPUPipe/uPipeRegs/regFile_reg[14][31][0]     | uDebugCtrl/regFile_reg[19][22]    |                2 |              3 |
| ~cpu_clk       | uCPUPipe/uPipeRegs/regFile_reg[14][31][0]     | uDebugCtrl/AR[2]                  |                3 |              3 |
| ~cpu_clk       | uCPUPipe/uPipeRegs/regFile_reg[27][31][0]     | uDebugCtrl/AR[2]                  |                3 |              3 |
| ~cpu_clk       | uCPUPipe/uPipeRegs/regFile_reg[17][31][0]     | uDebugCtrl/regFile_reg[19][22]    |                3 |              3 |
| ~cpu_clk       | uCPUPipe/uPipeRegs/regFile_reg[17][31][0]     | uDebugCtrl/AR[2]                  |                3 |              3 |
| ~cpu_clk       | uCPUPipe/uPipeRegs/regFile_reg[27][31][0]     | uDebugCtrl/regFile_reg[29][14]    |                3 |              3 |
| ~cpu_clk       | uCPUPipe/uPipeRegs/regFile_reg[19][31][0]     | uDebugCtrl/regFile_reg[24][18]    |                2 |              3 |
| ~cpu_clk       | uCPUPipe/uPipeRegs/regFile_reg[24][31][0]     | uDebugCtrl/AR[2]                  |                3 |              3 |
| ~cpu_clk       | uCPUPipe/uPipeRegs/regFile_reg[24][31][0]     | uDebugCtrl/regFile_reg[29][14]    |                2 |              3 |
| ~cpu_clk       | uCPUPipe/uPipeRegs/regFile_reg[21][31][0]     | uDebugCtrl/regFile_reg[24][18]    |                3 |              3 |
| ~cpu_clk       | uCPUPipe/uPipeRegs/regFile_reg[21][31][0]     | uDebugCtrl/AR[2]                  |                3 |              3 |
| ~cpu_clk       | uCPUPipe/uPipeRegs/regFile_reg[9][31][0]      | uDebugCtrl/regFile_reg[12][3]     |                3 |              3 |
| ~cpu_clk       | uCPUPipe/uPipeRegs/regFile_reg[26][31][0]     | uDebugCtrl/regFile_reg[29][14]    |                2 |              3 |
| ~cpu_clk       | uCPUPipe/uPipeRegs/regFile_reg[26][31][0]     | uDebugCtrl/AR[2]                  |                2 |              3 |
|  cpu_clk       | uCPUTop/uIfetch/regFile_reg[13][31][0]        | uDebugCtrl/regFile_reg[21][8]     |                3 |              3 |
| ~cpu_clk       | uCPUPipe/uPipeRegs/regFile_reg[13][31][0]     | uDebugCtrl/regFile_reg[14][26]    |                3 |              3 |
| ~cpu_clk       | uCPUPipe/uPipeRegs/regFile_reg[13][31][0]     | uDebugCtrl/AR[2]                  |                3 |              3 |
| ~cpu_clk       | uCPUPipe/uPipeRegs/regFile_reg[9][31][0]      | uDebugCtrl/regFile_reg[14][26]    |                3 |              3 |
| ~cpu_clk       | uCPUPipe/uPipeRegs/regFile_reg[15][31][0]     | uDebugCtrl/regFile_reg[19][22]    |                2 |              3 |
| ~cpu_clk       | uCPUPipe/uPipeRegs/regFile_reg[15][31][0]     | uDebugCtrl/AR[2]                  |                3 |              3 |
| ~cpu_clk       | uCPUPipe/uPipeRegs/regFile_reg[1][31][0]      | uDebugCtrl/regFile_reg[2][11]     |                2 |              3 |
| ~cpu_clk       | uCPUPipe/uPipeRegs/regFile_reg[19][31][0]     | uDebugCtrl/AR[2]                  |                3 |              3 |
| ~cpu_clk       | uCPUPipe/uPipeRegs/regFile_reg[16][31][0]     | uDebugCtrl/AR[2]                  |                3 |              3 |
| ~cpu_clk       | uCPUPipe/uPipeRegs/regFile_reg[29][31][0]     | uDebugCtrl/regFile_reg[2][11]     |                3 |              3 |
| ~cpu_clk       | uCPUPipe/uPipeRegs/regFile_reg[2][31][0]      | uDebugCtrl/regFile_reg[7][7]      |                2 |              3 |
| ~cpu_clk       | uCPUPipe/uPipeRegs/regFile_reg[29][31][0]     | uDebugCtrl/AR[2]                  |                3 |              3 |
|  cpu_clk       | uCPUTop/uIfetch/regFile_reg[11][31][0]        | uDebugCtrl/regFile_reg[19][24]    |                3 |              3 |
| ~cpu_clk       | uCPUPipe/uPipeRegs/regFile_reg[3][31][0]      | uDebugCtrl/regFile_reg[7][7]      |                1 |              3 |
|  cpu_clk       | uCPUTop/uIfetch/E[0]                          | uDebugCtrl/regFile_reg[11][28]    |                3 |              3 |
| ~cpu_clk       | uCPUPipe/uPipeRegs/regFile_reg[4][31][0]      | uDebugCtrl/regFile_reg[7][7]      |                1 |              3 |
| ~cpu_clk       | uCPUPipe/uPipeRegs/regFile_reg[22][31][0]     | uDebugCtrl/AR[2]                  |                3 |              3 |
| ~cpu_clk       | uCPUPipe/uPipeRegs/regFile_reg[5][31][0]      | uDebugCtrl/regFile_reg[7][7]      |                1 |              3 |
|  cpu_clk       | uCPUTop/uIfetch/regFile_reg[3][31][0]         | uDebugCtrl/regFile_reg[29][16]    |                3 |              3 |
| ~cpu_clk       | uCPUPipe/uPipeRegs/regFile_reg[10][31][0]     | uDebugCtrl/regFile_reg[14][26]    |                3 |              3 |
| ~cpu_clk       | uCPUPipe/uPipeRegs/regFile_reg[10][31][0]     | uDebugCtrl/regFile_reg[12][3]     |                1 |              3 |
| ~cpu_clk       | uCPUPipe/uPipeRegs/regFile_reg[16][31][0]     | uDebugCtrl/regFile_reg[19][22]    |                2 |              3 |
|  cpu_clk       | uCPUTop/uIfetch/regFile_reg[25][31][0]        | uDebugCtrl/regFile_reg[21][8]     |                4 |              4 |
|  cpu_clk       | uCPUTop/uIfetch/regFile_reg[25][31][0]        | uDebugCtrl/regFile_reg[25][0]     |                4 |              4 |
|  cpu_clk       | uCPUTop/uIfetch/regFile_reg[17][31][0]        | uDebugCtrl/regFile_reg[5][4]      |                4 |              4 |
|  cpu_clk       | uCPUTop/uIfetch/regFile_reg[17][31][0]        | uDebugCtrl/regFile_reg[29][16]    |                3 |              4 |
|  cpu_clk       | uCPUTop/uIfetch/regFile_reg[17][31][0]        | uDebugCtrl/regFile_reg[3][20]     |                3 |              4 |
|  cpu_clk       | uCPUTop/uIfetch/regFile_reg[17][31][0]        | uDebugCtrl/regFile_reg[11][28]    |                2 |              4 |
|  cpu_clk       | uCPUTop/uIfetch/regFile_reg[17][31][0]        | uDebugCtrl/regFile_reg[19][24]    |                4 |              4 |
|  cpu_clk       | uCPUTop/uIfetch/regFile_reg[17][31][0]        | uDebugCtrl/regFile_reg[13][12]    |                3 |              4 |
|  cpu_clk       | uCPUTop/uIfetch/regFile_reg[17][31][0]        | uDebugCtrl/regFile_reg[21][8]     |                4 |              4 |
|  cpu_clk       | uCPUTop/uIfetch/regFile_reg[17][31][0]        | uDebugCtrl/regFile_reg[25][0]     |                4 |              4 |
|  cpu_clk       | uCPUTop/uIfetch/regFile_reg[18][31][0]        | uDebugCtrl/regFile_reg[5][4]      |                4 |              4 |
|  cpu_clk       | uCPUTop/uIfetch/regFile_reg[18][31][0]        | uDebugCtrl/regFile_reg[29][16]    |                3 |              4 |
|  cpu_clk       | uCPUTop/uIfetch/regFile_reg[18][31][0]        | uDebugCtrl/regFile_reg[3][20]     |                3 |              4 |
|  cpu_clk       | uCPUTop/uIfetch/regFile_reg[18][31][0]        | uDebugCtrl/regFile_reg[11][28]    |                3 |              4 |
|  cpu_clk       | uCPUTop/uIfetch/regFile_reg[18][31][0]        | uDebugCtrl/regFile_reg[19][24]    |                4 |              4 |
|  cpu_clk       | uCPUTop/uIfetch/regFile_reg[18][31][0]        | uDebugCtrl/regFile_reg[13][12]    |                3 |              4 |
|  cpu_clk       | uCPUTop/uIfetch/regFile_reg[18][31][0]        | uDebugCtrl/regFile_reg[21][8]     |                3 |              4 |
|  cpu_clk       | uCPUTop/uIfetch/regFile_reg[18][31][0]        | uDebugCtrl/regFile_reg[25][0]     |                4 |              4 |
|  cpu_clk       | uCPUTop/uIfetch/regFile_reg[16][31][0]        | uDebugCtrl/regFile_reg[5][4]      |                4 |              4 |
|  cpu_clk       | uCPUTop/uIfetch/regFile_reg[16][31][0]        | uDebugCtrl/regFile_reg[29][16]    |                2 |              4 |
|  cpu_clk       | uCPUTop/uIfetch/regFile_reg[16][31][0]        | uDebugCtrl/regFile_reg[3][20]     |                2 |              4 |
|  cpu_clk       | uCPUTop/uIfetch/regFile_reg[16][31][0]        | uDebugCtrl/regFile_reg[11][28]    |                2 |              4 |
|  cpu_clk       | uCPUTop/uIfetch/regFile_reg[16][31][0]        | uDebugCtrl/regFile_reg[19][24]    |                4 |              4 |
|  cpu_clk       | uCPUTop/uIfetch/regFile_reg[16][31][0]        | uDebugCtrl/regFile_reg[13][12]    |                4 |              4 |
|  cpu_clk       | uCPUTop/uIfetch/regFile_reg[16][31][0]        | uDebugCtrl/regFile_reg[21][8]     |                4 |              4 |
|  cpu_clk       | uCPUTop/uIfetch/regFile_reg[16][31][0]        | uDebugCtrl/regFile_reg[25][0]     |                4 |              4 |
|  cpu_clk       | uCPUTop/uIfetch/regFile_reg[19][31][0]        | uDebugCtrl/regFile_reg[5][4]      |                3 |              4 |
|  cpu_clk       | uCPUTop/uIfetch/regFile_reg[19][31][0]        | uDebugCtrl/regFile_reg[29][16]    |                2 |              4 |
|  cpu_clk       | uCPUTop/uIfetch/regFile_reg[19][31][0]        | uDebugCtrl/regFile_reg[11][28]    |                1 |              4 |
|  cpu_clk       | uCPUTop/uIfetch/regFile_reg[19][31][0]        | uDebugCtrl/regFile_reg[19][24]    |                4 |              4 |
|  cpu_clk       | uCPUTop/uIfetch/regFile_reg[19][31][0]        | uDebugCtrl/regFile_reg[13][12]    |                3 |              4 |
|  cpu_clk       | uCPUTop/uIfetch/regFile_reg[19][31][0]        | uDebugCtrl/regFile_reg[21][8]     |                3 |              4 |
|  cpu_clk       | uCPUTop/uIfetch/regFile_reg[19][31][0]        | uDebugCtrl/regFile_reg[25][0]     |                4 |              4 |
|  cpu_clk       | uCPUTop/uIfetch/regFile_reg[23][31][0]        | uDebugCtrl/regFile_reg[5][4]      |                3 |              4 |
|  cpu_clk       | uCPUTop/uIfetch/regFile_reg[23][31][0]        | uDebugCtrl/regFile_reg[29][16]    |                2 |              4 |
|  cpu_clk       | uCPUTop/uIfetch/regFile_reg[23][31][0]        | uDebugCtrl/regFile_reg[3][20]     |                4 |              4 |
|  cpu_clk       | uCPUTop/uIfetch/regFile_reg[23][31][0]        | uDebugCtrl/regFile_reg[19][24]    |                2 |              4 |
|  cpu_clk       | uCPUTop/uIfetch/regFile_reg[23][31][0]        | uDebugCtrl/regFile_reg[13][12]    |                3 |              4 |
|  cpu_clk       | uCPUTop/uIfetch/regFile_reg[23][31][0]        | uDebugCtrl/regFile_reg[21][8]     |                4 |              4 |
|  cpu_clk       | uCPUTop/uIfetch/regFile_reg[23][31][0]        | uDebugCtrl/regFile_reg[25][0]     |                3 |              4 |
|  cpu_clk       | uCPUTop/uIfetch/regFile_reg[26][31][0]        | uDebugCtrl/regFile_reg[5][4]      |                4 |              4 |
|  cpu_clk       | uCPUTop/uIfetch/regFile_reg[26][31][0]        | uDebugCtrl/regFile_reg[29][16]    |                2 |              4 |
|  cpu_clk       | uCPUTop/uIfetch/regFile_reg[26][31][0]        | uDebugCtrl/regFile_reg[3][20]     |                2 |              4 |
|  cpu_clk       | uCPUTop/uIfetch/regFile_reg[26][31][0]        | uDebugCtrl/regFile_reg[11][28]    |                1 |              4 |
|  cpu_clk       | uCPUTop/uIfetch/regFile_reg[26][31][0]        | uDebugCtrl/regFile_reg[19][24]    |                4 |              4 |
|  cpu_clk       | uCPUTop/uIfetch/regFile_reg[26][31][0]        | uDebugCtrl/regFile_reg[13][12]    |                3 |              4 |
|  cpu_clk       | uCPUTop/uIfetch/regFile_reg[26][31][0]        | uDebugCtrl/regFile_reg[21][8]     |                4 |              4 |
|  cpu_clk       | uCPUTop/uIfetch/regFile_reg[26][31][0]        | uDebugCtrl/regFile_reg[25][0]     |                4 |              4 |
|  cpu_clk       | uCPUTop/uIfetch/regFile_reg[12][31][0]        | uDebugCtrl/regFile_reg[5][4]      |                4 |              4 |
|  cpu_clk       | uCPUTop/uIfetch/regFile_reg[12][31][0]        | uDebugCtrl/regFile_reg[29][16]    |                3 |              4 |
|  cpu_clk       | uCPUTop/uIfetch/regFile_reg[12][31][0]        | uDebugCtrl/regFile_reg[3][20]     |                2 |              4 |
|  cpu_clk       | uCPUTop/uIfetch/regFile_reg[12][31][0]        | uDebugCtrl/regFile_reg[11][28]    |                2 |              4 |
|  cpu_clk       | uCPUTop/uIfetch/regFile_reg[12][31][0]        | uDebugCtrl/regFile_reg[19][24]    |                4 |              4 |
|  cpu_clk       | uCPUTop/uIfetch/regFile_reg[12][31][0]        | uDebugCtrl/regFile_reg[13][12]    |                3 |              4 |
|  cpu_clk       | uCPUTop/uIfetch/regFile_reg[12][31][0]        | uDebugCtrl/regFile_reg[21][8]     |                3 |              4 |
|  cpu_clk       | uCPUTop/uIfetch/regFile_reg[12][31][0]        | uDebugCtrl/regFile_reg[25][0]     |                4 |              4 |
|  cpu_clk       | uCPUTop/uIfetch/regFile_reg[28][31][0]        | uDebugCtrl/regFile_reg[5][4]      |                4 |              4 |
|  cpu_clk       | uCPUTop/uIfetch/regFile_reg[28][31][0]        | uDebugCtrl/regFile_reg[29][16]    |                3 |              4 |
|  cpu_clk       | uCPUTop/uIfetch/regFile_reg[28][31][0]        | uDebugCtrl/regFile_reg[3][20]     |                2 |              4 |
|  cpu_clk       | uCPUTop/uIfetch/regFile_reg[28][31][0]        | uDebugCtrl/regFile_reg[11][28]    |                3 |              4 |
|  cpu_clk       | uCPUTop/uIfetch/regFile_reg[28][31][0]        | uDebugCtrl/regFile_reg[19][24]    |                4 |              4 |
|  cpu_clk       | uCPUTop/uIfetch/regFile_reg[28][31][0]        | uDebugCtrl/regFile_reg[13][12]    |                4 |              4 |
|  cpu_clk       | uCPUTop/uIfetch/regFile_reg[28][31][0]        | uDebugCtrl/regFile_reg[21][8]     |                4 |              4 |
|  cpu_clk       | uCPUTop/uIfetch/regFile_reg[28][31][0]        | uDebugCtrl/regFile_reg[25][0]     |                4 |              4 |
|  cpu_clk       | uCPUTop/uIfetch/regFile_reg[22][31][0]        | uDebugCtrl/regFile_reg[5][4]      |                4 |              4 |
|  cpu_clk       | uCPUTop/uIfetch/regFile_reg[22][31][0]        | uDebugCtrl/regFile_reg[3][20]     |                3 |              4 |
|  cpu_clk       | uCPUTop/uIfetch/regFile_reg[22][31][0]        | uDebugCtrl/regFile_reg[11][28]    |                2 |              4 |
|  cpu_clk       | uCPUTop/uIfetch/regFile_reg[22][31][0]        | uDebugCtrl/regFile_reg[19][24]    |                4 |              4 |
|  cpu_clk       | uCPUTop/uIfetch/regFile_reg[22][31][0]        | uDebugCtrl/regFile_reg[13][12]    |                3 |              4 |
|  cpu_clk       | uCPUTop/uIfetch/regFile_reg[22][31][0]        | uDebugCtrl/regFile_reg[21][8]     |                4 |              4 |
|  cpu_clk       | uCPUTop/uIfetch/regFile_reg[22][31][0]        | uDebugCtrl/regFile_reg[25][0]     |                4 |              4 |
|  cpu_clk       | uCPUTop/uIfetch/regFile_reg[20][31][0]        | uDebugCtrl/regFile_reg[5][4]      |                4 |              4 |
|  cpu_clk       | uCPUTop/uIfetch/regFile_reg[20][31][0]        | uDebugCtrl/regFile_reg[29][16]    |                3 |              4 |
|  cpu_clk       | uCPUTop/uIfetch/regFile_reg[20][31][0]        | uDebugCtrl/regFile_reg[3][20]     |                2 |              4 |
|  cpu_clk       | uCPUTop/uIfetch/regFile_reg[20][31][0]        | uDebugCtrl/regFile_reg[11][28]    |                3 |              4 |
|  cpu_clk       | uCPUTop/uIfetch/regFile_reg[20][31][0]        | uDebugCtrl/regFile_reg[19][24]    |                4 |              4 |
|  cpu_clk       | uCPUTop/uIfetch/regFile_reg[20][31][0]        | uDebugCtrl/regFile_reg[13][12]    |                4 |              4 |
|  cpu_clk       | uCPUTop/uIfetch/regFile_reg[20][31][0]        | uDebugCtrl/regFile_reg[21][8]     |                3 |              4 |
|  cpu_clk       | uCPUTop/uIfetch/regFile_reg[20][31][0]        | uDebugCtrl/regFile_reg[25][0]     |                4 |              4 |
|  cpu_clk       | uCPUTop/uIfetch/regFile_reg[15][31][0]        | uDebugCtrl/regFile_reg[5][4]      |                3 |              4 |
|  cpu_clk       | uCPUTop/uIfetch/regFile_reg[15][31][0]        | uDebugCtrl/regFile_reg[29][16]    |                3 |              4 |
|  cpu_clk       | uCPUTop/uIfetch/regFile_reg[15][31][0]        | uDebugCtrl/regFile_reg[3][20]     |                4 |              4 |
|  cpu_clk       | uCPUTop/uIfetch/regFile_reg[15][31][0]        | uDebugCtrl/regFile_reg[19][24]    |                3 |              4 |
|  cpu_clk       | uCPUTop/uIfetch/regFile_reg[15][31][0]        | uDebugCtrl/regFile_reg[13][12]    |                3 |              4 |
|  cpu_clk       | uCPUTop/uIfetch/regFile_reg[15][31][0]        | uDebugCtrl/regFile_reg[21][8]     |                4 |              4 |
|  cpu_clk       | uCPUTop/uIfetch/regFile_reg[15][31][0]        | uDebugCtrl/regFile_reg[25][0]     |                2 |              4 |
|  cpu_clk       | uCPUTop/uIfetch/regFile_reg[27][31][0]        | uDebugCtrl/regFile_reg[5][4]      |                3 |              4 |
|  cpu_clk       | uCPUTop/uIfetch/regFile_reg[27][31][0]        | uDebugCtrl/regFile_reg[29][16]    |                2 |              4 |
|  cpu_clk       | uCPUTop/uIfetch/regFile_reg[27][31][0]        | uDebugCtrl/regFile_reg[3][20]     |                4 |              4 |
|  cpu_clk       | uCPUTop/uIfetch/regFile_reg[27][31][0]        | uDebugCtrl/regFile_reg[19][24]    |                3 |              4 |
|  cpu_clk       | uCPUTop/uIfetch/regFile_reg[27][31][0]        | uDebugCtrl/regFile_reg[13][12]    |                4 |              4 |
|  cpu_clk       | uCPUTop/uIfetch/regFile_reg[27][31][0]        | uDebugCtrl/regFile_reg[21][8]     |                4 |              4 |
|  cpu_clk       | uCPUTop/uIfetch/regFile_reg[27][31][0]        | uDebugCtrl/regFile_reg[25][0]     |                3 |              4 |
|  cpu_clk       | uCPUTop/uIfetch/regFile_reg[13][31][0]        | uDebugCtrl/regFile_reg[5][4]      |                3 |              4 |
|  cpu_clk       | uCPUTop/uIfetch/regFile_reg[13][31][0]        | uDebugCtrl/regFile_reg[29][16]    |                2 |              4 |
|  cpu_clk       | uCPUTop/uIfetch/regFile_reg[13][31][0]        | uDebugCtrl/regFile_reg[3][20]     |                3 |              4 |
|  cpu_clk       | uCPUTop/uIfetch/regFile_reg[13][31][0]        | uDebugCtrl/regFile_reg[11][28]    |                2 |              4 |
|  cpu_clk       | uCPUTop/uIfetch/regFile_reg[13][31][0]        | uDebugCtrl/regFile_reg[19][24]    |                4 |              4 |
|  cpu_clk       | uCPUTop/uIfetch/regFile_reg[13][31][0]        | uDebugCtrl/regFile_reg[13][12]    |                2 |              4 |
|  cpu_clk       | uCPUTop/uIfetch/regFile_reg[13][31][0]        | uDebugCtrl/regFile_reg[25][0]     |                3 |              4 |
|  cpu_clk       | uCPUTop/uIfetch/regFile_reg[14][31][0]        | uDebugCtrl/regFile_reg[5][4]      |                4 |              4 |
|  cpu_clk       | uCPUTop/uIfetch/regFile_reg[14][31][0]        | uDebugCtrl/regFile_reg[29][16]    |                4 |              4 |
|  cpu_clk       | uCPUTop/uIfetch/regFile_reg[14][31][0]        | uDebugCtrl/regFile_reg[3][20]     |                4 |              4 |
|  cpu_clk       | uCPUTop/uIfetch/regFile_reg[14][31][0]        | uDebugCtrl/regFile_reg[11][28]    |                3 |              4 |
|  cpu_clk       | uCPUTop/uIfetch/regFile_reg[14][31][0]        | uDebugCtrl/regFile_reg[19][24]    |                4 |              4 |
|  cpu_clk       | uCPUTop/uIfetch/regFile_reg[14][31][0]        | uDebugCtrl/regFile_reg[13][12]    |                2 |              4 |
|  cpu_clk       | uCPUTop/uIfetch/regFile_reg[14][31][0]        | uDebugCtrl/regFile_reg[21][8]     |                4 |              4 |
|  cpu_clk       | uCPUTop/uIfetch/regFile_reg[14][31][0]        | uDebugCtrl/regFile_reg[25][0]     |                4 |              4 |
|  cpu_clk       | uCPUTop/uIfetch/regFile_reg[21][31][0]        | uDebugCtrl/regFile_reg[29][16]    |                3 |              4 |
|  cpu_clk       | uCPUTop/uIfetch/regFile_reg[21][31][0]        | uDebugCtrl/regFile_reg[3][20]     |                3 |              4 |
|  cpu_clk       | uCPUTop/uIfetch/regFile_reg[21][31][0]        | uDebugCtrl/regFile_reg[11][28]    |                2 |              4 |
|  cpu_clk       | uCPUTop/uIfetch/regFile_reg[21][31][0]        | uDebugCtrl/regFile_reg[19][24]    |                4 |              4 |
|  cpu_clk       | uCPUTop/uIfetch/regFile_reg[21][31][0]        | uDebugCtrl/regFile_reg[13][12]    |                2 |              4 |
|  cpu_clk       | uCPUTop/uIfetch/regFile_reg[21][31][0]        | uDebugCtrl/regFile_reg[21][8]     |                4 |              4 |
|  cpu_clk       | uCPUTop/uIfetch/regFile_reg[21][31][0]        | uDebugCtrl/regFile_reg[25][0]     |                2 |              4 |
|  cpu_clk       | uCPUTop/uIfetch/regFile_reg[24][31][0]        | uDebugCtrl/regFile_reg[5][4]      |                4 |              4 |
|  cpu_clk       | uCPUTop/uIfetch/regFile_reg[24][31][0]        | uDebugCtrl/regFile_reg[29][16]    |                2 |              4 |
|  cpu_clk       | uCPUTop/uIfetch/regFile_reg[24][31][0]        | uDebugCtrl/regFile_reg[3][20]     |                3 |              4 |
|  cpu_clk       | uCPUTop/uIfetch/regFile_reg[24][31][0]        | uDebugCtrl/regFile_reg[11][28]    |                3 |              4 |
|  cpu_clk       | uCPUTop/uIfetch/regFile_reg[24][31][0]        | uDebugCtrl/regFile_reg[19][24]    |                4 |              4 |
|  cpu_clk       | uCPUTop/uIfetch/regFile_reg[24][31][0]        | uDebugCtrl/regFile_reg[13][12]    |                3 |              4 |
|  cpu_clk       | uCPUTop/uIfetch/regFile_reg[24][31][0]        | uDebugCtrl/regFile_reg[21][8]     |                4 |              4 |
|  cpu_clk       | uCPUTop/uIfetch/regFile_reg[24][31][0]        | uDebugCtrl/regFile_reg[25][0]     |                4 |              4 |
|  cpu_clk       | uCPUTop/uIfetch/regFile_reg[1][31][0]         | uDebugCtrl/regFile_reg[5][4]      |                4 |              4 |
|  cpu_clk       | uCPUTop/uIfetch/regFile_reg[1][31][0]         | uDebugCtrl/regFile_reg[29][16]    |                2 |              4 |
|  cpu_clk       | uCPUTop/uIfetch/regFile_reg[1][31][0]         | uDebugCtrl/regFile_reg[3][20]     |                3 |              4 |
|  cpu_clk       | uCPUTop/uIfetch/regFile_reg[1][31][0]         | uDebugCtrl/regFile_reg[11][28]    |                1 |              4 |
|  cpu_clk       | uCPUTop/uIfetch/regFile_reg[1][31][0]         | uDebugCtrl/regFile_reg[19][24]    |                4 |              4 |
|  cpu_clk       | uCPUTop/uIfetch/regFile_reg[1][31][0]         | uDebugCtrl/regFile_reg[13][12]    |                3 |              4 |
|  cpu_clk       | uCPUTop/uIfetch/regFile_reg[1][31][0]         | uDebugCtrl/regFile_reg[21][8]     |                3 |              4 |
|  cpu_clk       | uCPUTop/uIfetch/regFile_reg[1][31][0]         | uDebugCtrl/regFile_reg[25][0]     |                4 |              4 |
|  cpu_clk       | uCPUTop/uIfetch/regFile_reg[9][31][0]         | uDebugCtrl/regFile_reg[5][4]      |                4 |              4 |
|  cpu_clk       | uCPUTop/uIfetch/regFile_reg[9][31][0]         | uDebugCtrl/regFile_reg[29][16]    |                2 |              4 |
|  cpu_clk       | uCPUTop/uIfetch/regFile_reg[9][31][0]         | uDebugCtrl/regFile_reg[11][28]    |                3 |              4 |
|  cpu_clk       | uCPUTop/uIfetch/regFile_reg[9][31][0]         | uDebugCtrl/regFile_reg[19][24]    |                4 |              4 |
|  cpu_clk       | uCPUTop/uIfetch/regFile_reg[9][31][0]         | uDebugCtrl/regFile_reg[13][12]    |                3 |              4 |
|  cpu_clk       | uCPUTop/uIfetch/regFile_reg[9][31][0]         | uDebugCtrl/regFile_reg[21][8]     |                3 |              4 |
|  cpu_clk       | uCPUTop/uIfetch/regFile_reg[9][31][0]         | uDebugCtrl/regFile_reg[25][0]     |                4 |              4 |
|  cpu_clk       | uCPUTop/uIfetch/regFile_reg[3][31][0]         | uDebugCtrl/regFile_reg[5][4]      |                3 |              4 |
|  cpu_clk       | uCPUTop/uIfetch/regFile_reg[3][31][0]         | uDebugCtrl/regFile_reg[3][20]     |                4 |              4 |
|  cpu_clk       | uCPUTop/uIfetch/regFile_reg[3][31][0]         | uDebugCtrl/regFile_reg[11][28]    |                3 |              4 |
|  cpu_clk       | uCPUTop/uIfetch/regFile_reg[3][31][0]         | uDebugCtrl/regFile_reg[19][24]    |                4 |              4 |
|  cpu_clk       | uCPUTop/uIfetch/regFile_reg[3][31][0]         | uDebugCtrl/regFile_reg[13][12]    |                3 |              4 |
|  cpu_clk       | uCPUTop/uIfetch/regFile_reg[3][31][0]         | uDebugCtrl/regFile_reg[21][8]     |                4 |              4 |
|  cpu_clk       | uCPUTop/uIfetch/regFile_reg[3][31][0]         | uDebugCtrl/regFile_reg[25][0]     |                4 |              4 |
|  cpu_clk       | uCPUTop/uIfetch/regFile_reg[8][31][0]         | uDebugCtrl/regFile_reg[5][4]      |                4 |              4 |
|  cpu_clk       | uCPUTop/uIfetch/regFile_reg[8][31][0]         | uDebugCtrl/regFile_reg[29][16]    |                3 |              4 |
|  cpu_clk       | uCPUTop/uIfetch/regFile_reg[8][31][0]         | uDebugCtrl/regFile_reg[3][20]     |                3 |              4 |
|  cpu_clk       | uCPUTop/uIfetch/regFile_reg[8][31][0]         | uDebugCtrl/regFile_reg[11][28]    |                2 |              4 |
|  cpu_clk       | uCPUTop/uIfetch/regFile_reg[8][31][0]         | uDebugCtrl/regFile_reg[19][24]    |                4 |              4 |
|  cpu_clk       | uCPUTop/uIfetch/regFile_reg[8][31][0]         | uDebugCtrl/regFile_reg[13][12]    |                4 |              4 |
|  cpu_clk       | uCPUTop/uIfetch/regFile_reg[8][31][0]         | uDebugCtrl/regFile_reg[21][8]     |                4 |              4 |
|  cpu_clk       | uCPUTop/uIfetch/regFile_reg[8][31][0]         | uDebugCtrl/regFile_reg[25][0]     |                4 |              4 |
|  cpu_clk       | uCPUTop/uIfetch/regFile_reg[7][31][0]         | uDebugCtrl/regFile_reg[5][4]      |                4 |              4 |
|  cpu_clk       | uCPUTop/uIfetch/regFile_reg[7][31][0]         | uDebugCtrl/regFile_reg[29][16]    |                4 |              4 |
|  cpu_clk       | uCPUTop/uIfetch/regFile_reg[7][31][0]         | uDebugCtrl/regFile_reg[3][20]     |                4 |              4 |
|  cpu_clk       | uCPUTop/uIfetch/regFile_reg[7][31][0]         | uDebugCtrl/regFile_reg[19][24]    |                3 |              4 |
|  cpu_clk       | uCPUTop/uIfetch/regFile_reg[7][31][0]         | uDebugCtrl/regFile_reg[13][12]    |                4 |              4 |
|  cpu_clk       | uCPUTop/uIfetch/regFile_reg[7][31][0]         | uDebugCtrl/regFile_reg[21][8]     |                4 |              4 |
|  cpu_clk       | uCPUTop/uIfetch/regFile_reg[7][31][0]         | uDebugCtrl/regFile_reg[25][0]     |                3 |              4 |
|  cpu_clk       | uCPUTop/uIfetch/regFile_reg[30][31]_0[0]      | uDebugCtrl/regFile_reg[5][4]      |                4 |              4 |
|  cpu_clk       | uCPUTop/uIfetch/regFile_reg[30][31]_0[0]      | uDebugCtrl/regFile_reg[29][16]    |                3 |              4 |
|  cpu_clk       | uCPUTop/uIfetch/regFile_reg[30][31]_0[0]      | uDebugCtrl/regFile_reg[3][20]     |                3 |              4 |
|  cpu_clk       | uCPUTop/uIfetch/regFile_reg[30][31]_0[0]      | uDebugCtrl/regFile_reg[11][28]    |                2 |              4 |
|  cpu_clk       | uCPUTop/uIfetch/regFile_reg[30][31]_0[0]      | uDebugCtrl/regFile_reg[19][24]    |                4 |              4 |
|  cpu_clk       | uCPUTop/uIfetch/regFile_reg[30][31]_0[0]      | uDebugCtrl/regFile_reg[13][12]    |                3 |              4 |
|  cpu_clk       | uCPUTop/uIfetch/regFile_reg[30][31]_0[0]      | uDebugCtrl/regFile_reg[21][8]     |                4 |              4 |
|  cpu_clk       | uCPUTop/uIfetch/regFile_reg[30][31]_0[0]      | uDebugCtrl/regFile_reg[25][0]     |                4 |              4 |
|  cpu_clk       | uCPUTop/uIfetch/regFile_reg[5][31][0]         | uDebugCtrl/regFile_reg[5][4]      |                4 |              4 |
|  cpu_clk       | uCPUTop/uIfetch/regFile_reg[5][31][0]         | uDebugCtrl/regFile_reg[29][16]    |                3 |              4 |
|  cpu_clk       | uCPUTop/uIfetch/regFile_reg[5][31][0]         | uDebugCtrl/regFile_reg[3][20]     |                3 |              4 |
|  cpu_clk       | uCPUTop/uIfetch/regFile_reg[5][31][0]         | uDebugCtrl/regFile_reg[11][28]    |                2 |              4 |
|  cpu_clk       | uCPUTop/uIfetch/regFile_reg[5][31][0]         | uDebugCtrl/regFile_reg[19][24]    |                4 |              4 |
|  cpu_clk       | uCPUTop/uIfetch/regFile_reg[5][31][0]         | uDebugCtrl/regFile_reg[13][12]    |                2 |              4 |
|  cpu_clk       | uCPUTop/uIfetch/regFile_reg[5][31][0]         | uDebugCtrl/regFile_reg[21][8]     |                4 |              4 |
|  cpu_clk       | uCPUTop/uIfetch/regFile_reg[4][31][0]         | uDebugCtrl/regFile_reg[5][4]      |                4 |              4 |
|  cpu_clk       | uCPUTop/uIfetch/regFile_reg[4][31][0]         | uDebugCtrl/regFile_reg[29][16]    |                3 |              4 |
|  cpu_clk       | uCPUTop/uIfetch/regFile_reg[4][31][0]         | uDebugCtrl/regFile_reg[3][20]     |                3 |              4 |
|  cpu_clk       | uCPUTop/uIfetch/regFile_reg[4][31][0]         | uDebugCtrl/regFile_reg[11][28]    |                4 |              4 |
|  cpu_clk       | uCPUTop/uIfetch/regFile_reg[4][31][0]         | uDebugCtrl/regFile_reg[19][24]    |                4 |              4 |
|  cpu_clk       | uCPUTop/uIfetch/regFile_reg[4][31][0]         | uDebugCtrl/regFile_reg[13][12]    |                3 |              4 |
|  cpu_clk       | uCPUTop/uIfetch/regFile_reg[4][31][0]         | uDebugCtrl/regFile_reg[21][8]     |                4 |              4 |
|  cpu_clk       | uCPUTop/uIfetch/regFile_reg[4][31][0]         | uDebugCtrl/regFile_reg[25][0]     |                4 |              4 |
|  cpu_clk       | uCPUTop/uIfetch/regFile_reg[6][31]_3[0]       | uDebugCtrl/regFile_reg[5][4]      |                4 |              4 |
|  cpu_clk       | uCPUTop/uIfetch/regFile_reg[6][31]_3[0]       | uDebugCtrl/regFile_reg[29][16]    |                4 |              4 |
|  cpu_clk       | uCPUTop/uIfetch/regFile_reg[6][31]_3[0]       | uDebugCtrl/regFile_reg[3][20]     |                4 |              4 |
|  cpu_clk       | uCPUTop/uIfetch/regFile_reg[6][31]_3[0]       | uDebugCtrl/regFile_reg[11][28]    |                2 |              4 |
|  cpu_clk       | uCPUTop/uIfetch/regFile_reg[6][31]_3[0]       | uDebugCtrl/regFile_reg[19][24]    |                4 |              4 |
|  cpu_clk       | uCPUTop/uIfetch/regFile_reg[6][31]_3[0]       | uDebugCtrl/regFile_reg[13][12]    |                3 |              4 |
|  cpu_clk       | uCPUTop/uIfetch/regFile_reg[6][31]_3[0]       | uDebugCtrl/regFile_reg[21][8]     |                4 |              4 |
|  cpu_clk       | uCPUTop/uIfetch/regFile_reg[6][31]_3[0]       | uDebugCtrl/regFile_reg[25][0]     |                4 |              4 |
|  cpu_clk       | uCPUTop/uIfetch/regFile_reg[9][31][0]         | uDebugCtrl/regFile_reg[3][20]     |                4 |              4 |
| ~cpu_clk       | uCPUPipe/uPipeRegs/regFile_reg[11][31][0]     | uDebugCtrl/regFile_reg[2][11]     |                2 |              4 |
| ~cpu_clk       | uCPUPipe/uPipeRegs/regFile_reg[11][31][0]     | uDebugCtrl/regFile_reg[7][7]      |                3 |              4 |
| ~cpu_clk       | uCPUPipe/uPipeRegs/regFile_reg[11][31][0]     | uDebugCtrl/regFile_reg[19][22]    |                3 |              4 |
| ~cpu_clk       | uCPUPipe/uPipeRegs/regFile_reg[11][31][0]     | uDebugCtrl/regFile_reg[29][14]    |                2 |              4 |
| ~cpu_clk       | uCPUPipe/uPipeRegs/regFile_reg[11][31][0]     | uDebugCtrl/regFile_reg[24][18]    |                2 |              4 |
| ~cpu_clk       | uCPUPipe/uPipeRegs/regFile_reg[11][31][0]     | uDebugCtrl/AR[2]                  |                4 |              4 |
| ~cpu_clk       | uCPUPipe/uPipeRegs/regFile_reg[18][31][0]     | uDebugCtrl/regFile_reg[2][11]     |                2 |              4 |
| ~cpu_clk       | uCPUPipe/uPipeRegs/regFile_reg[18][31][0]     | uDebugCtrl/regFile_reg[7][7]      |                2 |              4 |
| ~cpu_clk       | uCPUPipe/uPipeRegs/regFile_reg[18][31][0]     | uDebugCtrl/regFile_reg[29][14]    |                2 |              4 |
| ~cpu_clk       | uCPUPipe/uPipeRegs/regFile_reg[18][31][0]     | uDebugCtrl/regFile_reg[24][18]    |                3 |              4 |
| ~cpu_clk       | uCPUPipe/uPipeRegs/regFile_reg[18][31][0]     | uDebugCtrl/regFile_reg[14][26]    |                3 |              4 |
| ~cpu_clk       | uCPUPipe/uPipeRegs/regFile_reg[18][31][0]     | uDebugCtrl/regFile_reg[12][3]     |                2 |              4 |
| ~cpu_clk       | uCPUPipe/uPipeRegs/regFile_reg[22][31][0]     | uDebugCtrl/regFile_reg[2][11]     |                3 |              4 |
| ~cpu_clk       | uCPUPipe/uPipeRegs/regFile_reg[22][31][0]     | uDebugCtrl/regFile_reg[7][7]      |                3 |              4 |
| ~cpu_clk       | uCPUPipe/uPipeRegs/regFile_reg[22][31][0]     | uDebugCtrl/regFile_reg[19][22]    |                3 |              4 |
| ~cpu_clk       | uCPUPipe/uPipeRegs/regFile_reg[22][31][0]     | uDebugCtrl/regFile_reg[29][14]    |                3 |              4 |
| ~cpu_clk       | uCPUPipe/uPipeRegs/regFile_reg[22][31][0]     | uDebugCtrl/regFile_reg[14][26]    |                4 |              4 |
| ~cpu_clk       | uCPUPipe/uPipeRegs/regFile_reg[22][31][0]     | uDebugCtrl/regFile_reg[12][3]     |                3 |              4 |
| ~cpu_clk       | uCPUPipe/uPipeRegs/regFile_reg[20][31][0]     | uDebugCtrl/regFile_reg[2][11]     |                3 |              4 |
| ~cpu_clk       | uCPUPipe/uPipeRegs/regFile_reg[20][31][0]     | uDebugCtrl/regFile_reg[7][7]      |                3 |              4 |
| ~cpu_clk       | uCPUPipe/uPipeRegs/regFile_reg[20][31][0]     | uDebugCtrl/regFile_reg[19][22]    |                3 |              4 |
| ~cpu_clk       | uCPUPipe/uPipeRegs/regFile_reg[20][31][0]     | uDebugCtrl/regFile_reg[29][14]    |                2 |              4 |
| ~cpu_clk       | uCPUPipe/uPipeRegs/regFile_reg[20][31][0]     | uDebugCtrl/regFile_reg[14][26]    |                3 |              4 |
| ~cpu_clk       | uCPUPipe/uPipeRegs/regFile_reg[20][31][0]     | uDebugCtrl/regFile_reg[12][3]     |                3 |              4 |
| ~cpu_clk       | uCPUPipe/uPipeRegs/regFile_reg[2][31][0]      | uDebugCtrl/regFile_reg[2][11]     |                2 |              4 |
| ~cpu_clk       | uCPUPipe/uPipeRegs/regFile_reg[2][31][0]      | uDebugCtrl/regFile_reg[19][22]    |                4 |              4 |
| ~cpu_clk       | uCPUPipe/uPipeRegs/regFile_reg[2][31][0]      | uDebugCtrl/regFile_reg[29][14]    |                4 |              4 |
| ~cpu_clk       | uCPUPipe/uPipeRegs/regFile_reg[2][31][0]      | uDebugCtrl/regFile_reg[24][18]    |                2 |              4 |
| ~cpu_clk       | uCPUPipe/uPipeRegs/regFile_reg[2][31][0]      | uDebugCtrl/regFile_reg[14][26]    |                4 |              4 |
| ~cpu_clk       | uCPUPipe/uPipeRegs/regFile_reg[2][31][0]      | uDebugCtrl/regFile_reg[12][3]     |                2 |              4 |
| ~cpu_clk       | uCPUPipe/uPipeRegs/regFile_reg[2][31][0]      | uDebugCtrl/AR[2]                  |                3 |              4 |
| ~cpu_clk       | uCPUPipe/uPipeRegs/regFile_reg[7][31][0]      | uDebugCtrl/regFile_reg[2][11]     |                2 |              4 |
| ~cpu_clk       | uCPUPipe/uPipeRegs/regFile_reg[7][31][0]      | uDebugCtrl/regFile_reg[7][7]      |                4 |              4 |
| ~cpu_clk       | uCPUPipe/uPipeRegs/regFile_reg[7][31][0]      | uDebugCtrl/regFile_reg[19][22]    |                2 |              4 |
| ~cpu_clk       | uCPUPipe/uPipeRegs/regFile_reg[7][31][0]      | uDebugCtrl/regFile_reg[29][14]    |                2 |              4 |
| ~cpu_clk       | uCPUPipe/uPipeRegs/regFile_reg[7][31][0]      | uDebugCtrl/regFile_reg[24][18]    |                2 |              4 |
| ~cpu_clk       | uCPUPipe/uPipeRegs/regFile_reg[7][31][0]      | uDebugCtrl/regFile_reg[14][26]    |                4 |              4 |
| ~cpu_clk       | uCPUPipe/uPipeRegs/regFile_reg[7][31][0]      | uDebugCtrl/AR[2]                  |                4 |              4 |
| ~cpu_clk       | uCPUPipe/uPipeRegs/regFile_reg[1][31][0]      | uDebugCtrl/regFile_reg[7][7]      |                4 |              4 |
| ~cpu_clk       | uCPUPipe/uPipeRegs/regFile_reg[1][31][0]      | uDebugCtrl/regFile_reg[19][22]    |                3 |              4 |
| ~cpu_clk       | uCPUPipe/uPipeRegs/regFile_reg[1][31][0]      | uDebugCtrl/regFile_reg[29][14]    |                3 |              4 |
| ~cpu_clk       | uCPUPipe/uPipeRegs/regFile_reg[1][31][0]      | uDebugCtrl/regFile_reg[24][18]    |                3 |              4 |
| ~cpu_clk       | uCPUPipe/uPipeRegs/regFile_reg[1][31][0]      | uDebugCtrl/regFile_reg[14][26]    |                4 |              4 |
| ~cpu_clk       | uCPUPipe/uPipeRegs/regFile_reg[1][31][0]      | uDebugCtrl/regFile_reg[12][3]     |                1 |              4 |
| ~cpu_clk       | uCPUPipe/uPipeRegs/regFile_reg[1][31][0]      | uDebugCtrl/AR[2]                  |                3 |              4 |
| ~cpu_clk       | uCPUPipe/uPipeRegs/regFile_reg[9][31][0]      | uDebugCtrl/regFile_reg[2][11]     |                3 |              4 |
| ~cpu_clk       | uCPUPipe/uPipeRegs/regFile_reg[9][31][0]      | uDebugCtrl/regFile_reg[7][7]      |                4 |              4 |
| ~cpu_clk       | uCPUPipe/uPipeRegs/regFile_reg[9][31][0]      | uDebugCtrl/regFile_reg[19][22]    |                3 |              4 |
| ~cpu_clk       | uCPUPipe/uPipeRegs/regFile_reg[9][31][0]      | uDebugCtrl/regFile_reg[29][14]    |                4 |              4 |
| ~cpu_clk       | uCPUPipe/uPipeRegs/regFile_reg[9][31][0]      | uDebugCtrl/regFile_reg[24][18]    |                4 |              4 |
| ~cpu_clk       | uCPUPipe/uPipeRegs/regFile_reg[9][31][0]      | uDebugCtrl/AR[2]                  |                4 |              4 |
| ~cpu_clk       | uCPUPipe/uPipeRegs/regFile_reg[24][31][0]     | uDebugCtrl/regFile_reg[2][11]     |                3 |              4 |
| ~cpu_clk       | uCPUPipe/uPipeRegs/regFile_reg[24][31][0]     | uDebugCtrl/regFile_reg[7][7]      |                3 |              4 |
| ~cpu_clk       | uCPUPipe/uPipeRegs/regFile_reg[24][31][0]     | uDebugCtrl/regFile_reg[19][22]    |                3 |              4 |
| ~cpu_clk       | uCPUPipe/uPipeRegs/regFile_reg[24][31][0]     | uDebugCtrl/regFile_reg[24][18]    |                2 |              4 |
| ~cpu_clk       | uCPUPipe/uPipeRegs/regFile_reg[24][31][0]     | uDebugCtrl/regFile_reg[14][26]    |                4 |              4 |
| ~cpu_clk       | uCPUPipe/uPipeRegs/regFile_reg[24][31][0]     | uDebugCtrl/regFile_reg[12][3]     |                2 |              4 |
| ~cpu_clk       | uCPUPipe/uPipeRegs/regFile_reg[27][31][0]     | uDebugCtrl/regFile_reg[2][11]     |                2 |              4 |
| ~cpu_clk       | uCPUPipe/uPipeRegs/regFile_reg[27][31][0]     | uDebugCtrl/regFile_reg[7][7]      |                3 |              4 |
| ~cpu_clk       | uCPUPipe/uPipeRegs/regFile_reg[27][31][0]     | uDebugCtrl/regFile_reg[19][22]    |                2 |              4 |
| ~cpu_clk       | uCPUPipe/uPipeRegs/regFile_reg[27][31][0]     | uDebugCtrl/regFile_reg[24][18]    |                4 |              4 |
| ~cpu_clk       | uCPUPipe/uPipeRegs/regFile_reg[27][31][0]     | uDebugCtrl/regFile_reg[14][26]    |                3 |              4 |
| ~cpu_clk       | uCPUPipe/uPipeRegs/regFile_reg[27][31][0]     | uDebugCtrl/regFile_reg[12][3]     |                3 |              4 |
| ~cpu_clk       | uCPUPipe/uPipeRegs/regFile_reg[23][31][0]     | uDebugCtrl/regFile_reg[2][11]     |                3 |              4 |
| ~cpu_clk       | uCPUPipe/uPipeRegs/regFile_reg[23][31][0]     | uDebugCtrl/regFile_reg[7][7]      |                2 |              4 |
| ~cpu_clk       | uCPUPipe/uPipeRegs/regFile_reg[23][31][0]     | uDebugCtrl/regFile_reg[19][22]    |                2 |              4 |
| ~cpu_clk       | uCPUPipe/uPipeRegs/regFile_reg[23][31][0]     | uDebugCtrl/regFile_reg[29][14]    |                3 |              4 |
| ~cpu_clk       | uCPUPipe/uPipeRegs/regFile_reg[23][31][0]     | uDebugCtrl/regFile_reg[14][26]    |                4 |              4 |
| ~cpu_clk       | uCPUPipe/uPipeRegs/regFile_reg[23][31][0]     | uDebugCtrl/regFile_reg[12][3]     |                3 |              4 |
| ~cpu_clk       | uCPUPipe/uPipeRegs/regFile_reg[30][31][0]     | uDebugCtrl/regFile_reg[7][7]      |                3 |              4 |
| ~cpu_clk       | uCPUPipe/uPipeRegs/regFile_reg[30][31][0]     | uDebugCtrl/regFile_reg[19][22]    |                3 |              4 |
| ~cpu_clk       | uCPUPipe/uPipeRegs/regFile_reg[30][31][0]     | uDebugCtrl/regFile_reg[29][14]    |                3 |              4 |
| ~cpu_clk       | uCPUPipe/uPipeRegs/regFile_reg[30][31][0]     | uDebugCtrl/regFile_reg[24][18]    |                4 |              4 |
| ~cpu_clk       | uCPUPipe/uPipeRegs/regFile_reg[30][31][0]     | uDebugCtrl/regFile_reg[14][26]    |                4 |              4 |
| ~cpu_clk       | uCPUPipe/uPipeRegs/regFile_reg[30][31][0]     | uDebugCtrl/regFile_reg[12][3]     |                3 |              4 |
| ~cpu_clk       | uCPUPipe/uPipeRegs/regFile_reg[12][31][0]     | uDebugCtrl/regFile_reg[2][11]     |                2 |              4 |
| ~cpu_clk       | uCPUPipe/uPipeRegs/regFile_reg[12][31][0]     | uDebugCtrl/regFile_reg[7][7]      |                3 |              4 |
| ~cpu_clk       | uCPUPipe/uPipeRegs/regFile_reg[12][31][0]     | uDebugCtrl/regFile_reg[19][22]    |                3 |              4 |
| ~cpu_clk       | uCPUPipe/uPipeRegs/regFile_reg[12][31][0]     | uDebugCtrl/regFile_reg[29][14]    |                2 |              4 |
| ~cpu_clk       | uCPUPipe/uPipeRegs/regFile_reg[12][31][0]     | uDebugCtrl/regFile_reg[24][18]    |                3 |              4 |
| ~cpu_clk       | uCPUPipe/uPipeRegs/regFile_reg[12][31][0]     | uDebugCtrl/regFile_reg[12][3]     |                2 |              4 |
| ~cpu_clk       | uCPUPipe/uPipeRegs/regFile_reg[31][31][0]     | uDebugCtrl/regFile_reg[7][7]      |                4 |              4 |
| ~cpu_clk       | uCPUPipe/uPipeRegs/regFile_reg[31][31][0]     | uDebugCtrl/regFile_reg[19][22]    |                4 |              4 |
| ~cpu_clk       | uCPUPipe/uPipeRegs/regFile_reg[31][31][0]     | uDebugCtrl/regFile_reg[29][14]    |                4 |              4 |
| ~cpu_clk       | uCPUPipe/uPipeRegs/regFile_reg[31][31][0]     | uDebugCtrl/regFile_reg[24][18]    |                4 |              4 |
| ~cpu_clk       | uCPUPipe/uPipeRegs/regFile_reg[31][31][0]     | uDebugCtrl/regFile_reg[14][26]    |                4 |              4 |
| ~cpu_clk       | uCPUPipe/uPipeRegs/regFile_reg[31][31][0]     | uDebugCtrl/regFile_reg[12][3]     |                3 |              4 |
| ~cpu_clk       | uCPUPipe/uPipeRegs/regFile_reg[8][31][0]      | uDebugCtrl/regFile_reg[2][11]     |                3 |              4 |
|  cpu_clk       | uCPUTop/uIfetch/regFile_reg[11][31][0]        | uDebugCtrl/regFile_reg[25][0]     |                3 |              4 |
| ~cpu_clk       | uCPUPipe/uPipeRegs/regFile_reg[8][31][0]      | uDebugCtrl/regFile_reg[7][7]      |                3 |              4 |
| ~cpu_clk       | uCPUPipe/uPipeRegs/regFile_reg[8][31][0]      | uDebugCtrl/regFile_reg[19][22]    |                2 |              4 |
| ~cpu_clk       | uCPUPipe/uPipeRegs/regFile_reg[8][31][0]      | uDebugCtrl/regFile_reg[29][14]    |                4 |              4 |
| ~cpu_clk       | uCPUPipe/uPipeRegs/regFile_reg[8][31][0]      | uDebugCtrl/regFile_reg[24][18]    |                3 |              4 |
| ~cpu_clk       | uCPUPipe/uPipeRegs/regFile_reg[8][31][0]      | uDebugCtrl/regFile_reg[14][26]    |                4 |              4 |
|  clk_IBUF_BUFG | uDebugCtrl/resp_buf[0][7]_i_1_n_0             |                                   |                3 |              4 |
| ~cpu_clk       | uCPUPipe/uPipeRegs/regFile_reg[8][31][0]      | uDebugCtrl/AR[2]                  |                4 |              4 |
| ~cpu_clk       | uCPUPipe/uPipeRegs/regFile_reg[25][31][0]     | uDebugCtrl/regFile_reg[2][11]     |                2 |              4 |
|  clk_IBUF_BUFG | uDebugCtrl/payload_cnt[3]_i_1_n_0             | uDebugCtrl/dmem_wr_data_reg[28]_0 |                2 |              4 |
| ~cpu_clk       | uCPUPipe/uPipeRegs/regFile_reg[25][31][0]     | uDebugCtrl/regFile_reg[7][7]      |                3 |              4 |
| ~cpu_clk       | uCPUPipe/uPipeRegs/regFile_reg[25][31][0]     | uDebugCtrl/regFile_reg[19][22]    |                2 |              4 |
|  clk_IBUF_BUFG | uDebugCtrl/step_countdown[3]_i_1_n_0          | uDebugCtrl/dmem_wr_data_reg[28]_0 |                2 |              4 |
| ~cpu_clk       | uCPUPipe/uPipeRegs/regFile_reg[25][31][0]     | uDebugCtrl/regFile_reg[24][18]    |                3 |              4 |
| ~cpu_clk       | uCPUPipe/uPipeRegs/regFile_reg[25][31][0]     | uDebugCtrl/regFile_reg[14][26]    |                3 |              4 |
| ~cpu_clk       | uCPUPipe/uPipeRegs/regFile_reg[25][31][0]     | uDebugCtrl/regFile_reg[12][3]     |                2 |              4 |
|  cpu_clk       | uCPUTop/uIfetch/E[0]                          | uDebugCtrl/regFile_reg[5][4]      |                3 |              4 |
| ~cpu_clk       | uCPUPipe/uPipeRegs/regFile_reg[28][31][0]     | uDebugCtrl/regFile_reg[2][11]     |                4 |              4 |
|  cpu_clk       | uCPUTop/uIfetch/E[0]                          | uDebugCtrl/regFile_reg[29][16]    |                3 |              4 |
| ~cpu_clk       | uCPUPipe/uPipeRegs/regFile_reg[28][31][0]     | uDebugCtrl/regFile_reg[7][7]      |                4 |              4 |
| ~cpu_clk       | uCPUPipe/uPipeRegs/regFile_reg[28][31][0]     | uDebugCtrl/regFile_reg[19][22]    |                3 |              4 |
|  cpu_clk       | uCPUTop/uIfetch/E[0]                          | uDebugCtrl/regFile_reg[3][20]     |                4 |              4 |
| ~cpu_clk       | uCPUPipe/uPipeRegs/regFile_reg[28][31][0]     | uDebugCtrl/regFile_reg[24][18]    |                3 |              4 |
| ~cpu_clk       | uCPUPipe/uPipeRegs/regFile_reg[28][31][0]     | uDebugCtrl/regFile_reg[14][26]    |                3 |              4 |
| ~cpu_clk       | uCPUPipe/uPipeRegs/regFile_reg[28][31][0]     | uDebugCtrl/regFile_reg[12][3]     |                2 |              4 |
|  cpu_clk       | uCPUTop/uIfetch/E[0]                          | uDebugCtrl/regFile_reg[19][24]    |                4 |              4 |
| ~cpu_clk       | uCPUPipe/uPipeRegs/regFile_reg[6][31][0]      | uDebugCtrl/regFile_reg[2][11]     |                3 |              4 |
|  cpu_clk       | uCPUTop/uIfetch/E[0]                          | uDebugCtrl/regFile_reg[13][12]    |                4 |              4 |
|  cpu_clk       | uCPUTop/uIfetch/E[0]                          | uDebugCtrl/regFile_reg[21][8]     |                4 |              4 |
| ~cpu_clk       | uCPUPipe/uPipeRegs/regFile_reg[6][31][0]      | uDebugCtrl/regFile_reg[19][22]    |                2 |              4 |
| ~cpu_clk       | uCPUPipe/uPipeRegs/regFile_reg[6][31][0]      | uDebugCtrl/regFile_reg[29][14]    |                2 |              4 |
| ~cpu_clk       | uCPUPipe/uPipeRegs/regFile_reg[6][31][0]      | uDebugCtrl/regFile_reg[24][18]    |                4 |              4 |
| ~cpu_clk       | uCPUPipe/uPipeRegs/regFile_reg[6][31][0]      | uDebugCtrl/regFile_reg[14][26]    |                4 |              4 |
| ~cpu_clk       | uCPUPipe/uPipeRegs/regFile_reg[6][31][0]      | uDebugCtrl/regFile_reg[12][3]     |                1 |              4 |
| ~cpu_clk       | uCPUPipe/uPipeRegs/regFile_reg[6][31][0]      | uDebugCtrl/AR[2]                  |                4 |              4 |
| ~cpu_clk       | uCPUPipe/uPipeRegs/regFile_reg[14][31][0]     | uDebugCtrl/regFile_reg[2][11]     |                2 |              4 |
|  cpu_clk       | uCPUTop/uIfetch/E[0]                          | uDebugCtrl/regFile_reg[25][0]     |                4 |              4 |
| ~cpu_clk       | uCPUPipe/uPipeRegs/regFile_reg[14][31][0]     | uDebugCtrl/regFile_reg[7][7]      |                2 |              4 |
|  cpu_clk       | uCPUTop/uIfetch/regFile_reg[10][31][0]        | uDebugCtrl/regFile_reg[5][4]      |                4 |              4 |
| ~cpu_clk       | uCPUPipe/uPipeRegs/regFile_reg[14][31][0]     | uDebugCtrl/regFile_reg[29][14]    |                2 |              4 |
| ~cpu_clk       | uCPUPipe/uPipeRegs/regFile_reg[14][31][0]     | uDebugCtrl/regFile_reg[24][18]    |                4 |              4 |
| ~cpu_clk       | uCPUPipe/uPipeRegs/regFile_reg[14][31][0]     | uDebugCtrl/regFile_reg[14][26]    |                4 |              4 |
| ~cpu_clk       | uCPUPipe/uPipeRegs/regFile_reg[14][31][0]     | uDebugCtrl/regFile_reg[12][3]     |                3 |              4 |
|  cpu_clk       | uCPUTop/uIfetch/regFile_reg[10][31][0]        | uDebugCtrl/regFile_reg[29][16]    |                3 |              4 |
| ~cpu_clk       | uCPUPipe/uPipeRegs/regFile_reg[17][31][0]     | uDebugCtrl/regFile_reg[2][11]     |                3 |              4 |
|  cpu_clk       | uCPUTop/uIfetch/regFile_reg[10][31][0]        | uDebugCtrl/regFile_reg[3][20]     |                3 |              4 |
| ~cpu_clk       | uCPUPipe/uPipeRegs/regFile_reg[17][31][0]     | uDebugCtrl/regFile_reg[7][7]      |                2 |              4 |
|  cpu_clk       | uCPUTop/uIfetch/regFile_reg[10][31][0]        | uDebugCtrl/regFile_reg[11][28]    |                2 |              4 |
| ~cpu_clk       | uCPUPipe/uPipeRegs/regFile_reg[17][31][0]     | uDebugCtrl/regFile_reg[29][14]    |                4 |              4 |
| ~cpu_clk       | uCPUPipe/uPipeRegs/regFile_reg[17][31][0]     | uDebugCtrl/regFile_reg[24][18]    |                3 |              4 |
| ~cpu_clk       | uCPUPipe/uPipeRegs/regFile_reg[17][31][0]     | uDebugCtrl/regFile_reg[14][26]    |                3 |              4 |
| ~cpu_clk       | uCPUPipe/uPipeRegs/regFile_reg[17][31][0]     | uDebugCtrl/regFile_reg[12][3]     |                3 |              4 |
|  cpu_clk       | uCPUTop/uIfetch/regFile_reg[10][31][0]        | uDebugCtrl/regFile_reg[19][24]    |                4 |              4 |
| ~cpu_clk       | uCPUPipe/uPipeRegs/regFile_reg[19][31][0]     | uDebugCtrl/regFile_reg[2][11]     |                2 |              4 |
|  cpu_clk       | uCPUTop/uIfetch/regFile_reg[10][31][0]        | uDebugCtrl/regFile_reg[13][12]    |                3 |              4 |
| ~cpu_clk       | uCPUPipe/uPipeRegs/regFile_reg[19][31][0]     | uDebugCtrl/regFile_reg[7][7]      |                2 |              4 |
| ~cpu_clk       | uCPUPipe/uPipeRegs/regFile_reg[19][31][0]     | uDebugCtrl/regFile_reg[19][22]    |                3 |              4 |
| ~cpu_clk       | uCPUPipe/uPipeRegs/regFile_reg[19][31][0]     | uDebugCtrl/regFile_reg[29][14]    |                3 |              4 |
|  cpu_clk       | uCPUTop/uIfetch/regFile_reg[10][31][0]        | uDebugCtrl/regFile_reg[21][8]     |                4 |              4 |
| ~cpu_clk       | uCPUPipe/uPipeRegs/regFile_reg[19][31][0]     | uDebugCtrl/regFile_reg[14][26]    |                3 |              4 |
| ~cpu_clk       | uCPUPipe/uPipeRegs/regFile_reg[19][31][0]     | uDebugCtrl/regFile_reg[12][3]     |                3 |              4 |
|  cpu_clk       | uCPUTop/uIfetch/regFile_reg[10][31][0]        | uDebugCtrl/regFile_reg[25][0]     |                4 |              4 |
| ~cpu_clk       | uCPUPipe/uPipeRegs/regFile_reg[21][31][0]     | uDebugCtrl/regFile_reg[2][11]     |                3 |              4 |
|  cpu_clk       | uCPUTop/uIfetch/regFile_reg[2][31][0]         | uDebugCtrl/regFile_reg[5][4]      |                4 |              4 |
| ~cpu_clk       | uCPUPipe/uPipeRegs/regFile_reg[21][31][0]     | uDebugCtrl/regFile_reg[7][7]      |                2 |              4 |
| ~cpu_clk       | uCPUPipe/uPipeRegs/regFile_reg[21][31][0]     | uDebugCtrl/regFile_reg[19][22]    |                2 |              4 |
| ~cpu_clk       | uCPUPipe/uPipeRegs/regFile_reg[21][31][0]     | uDebugCtrl/regFile_reg[29][14]    |                2 |              4 |
|  cpu_clk       | uCPUTop/uIfetch/regFile_reg[2][31][0]         | uDebugCtrl/regFile_reg[29][16]    |                2 |              4 |
| ~cpu_clk       | uCPUPipe/uPipeRegs/regFile_reg[21][31][0]     | uDebugCtrl/regFile_reg[14][26]    |                3 |              4 |
| ~cpu_clk       | uCPUPipe/uPipeRegs/regFile_reg[21][31][0]     | uDebugCtrl/regFile_reg[12][3]     |                2 |              4 |
|  cpu_clk       | uCPUTop/uIfetch/regFile_reg[2][31][0]         | uDebugCtrl/regFile_reg[3][20]     |                3 |              4 |
| ~cpu_clk       | uCPUPipe/uPipeRegs/regFile_reg[26][31][0]     | uDebugCtrl/regFile_reg[2][11]     |                2 |              4 |
|  cpu_clk       | uCPUTop/uIfetch/regFile_reg[2][31][0]         | uDebugCtrl/regFile_reg[11][28]    |                4 |              4 |
| ~cpu_clk       | uCPUPipe/uPipeRegs/regFile_reg[26][31][0]     | uDebugCtrl/regFile_reg[7][7]      |                3 |              4 |
| ~cpu_clk       | uCPUPipe/uPipeRegs/regFile_reg[26][31][0]     | uDebugCtrl/regFile_reg[19][22]    |                2 |              4 |
|  cpu_clk       | uCPUTop/uIfetch/regFile_reg[2][31][0]         | uDebugCtrl/regFile_reg[19][24]    |                3 |              4 |
| ~cpu_clk       | uCPUPipe/uPipeRegs/regFile_reg[26][31][0]     | uDebugCtrl/regFile_reg[24][18]    |                2 |              4 |
| ~cpu_clk       | uCPUPipe/uPipeRegs/regFile_reg[26][31][0]     | uDebugCtrl/regFile_reg[14][26]    |                3 |              4 |
| ~cpu_clk       | uCPUPipe/uPipeRegs/regFile_reg[26][31][0]     | uDebugCtrl/regFile_reg[12][3]     |                2 |              4 |
|  cpu_clk       | uCPUTop/uIfetch/regFile_reg[2][31][0]         | uDebugCtrl/regFile_reg[13][12]    |                4 |              4 |
| ~cpu_clk       | uCPUPipe/uPipeRegs/regFile_reg[13][31][0]     | uDebugCtrl/regFile_reg[2][11]     |                2 |              4 |
|  cpu_clk       | uCPUTop/uIfetch/regFile_reg[2][31][0]         | uDebugCtrl/regFile_reg[21][8]     |                4 |              4 |
| ~cpu_clk       | uCPUPipe/uPipeRegs/regFile_reg[13][31][0]     | uDebugCtrl/regFile_reg[7][7]      |                3 |              4 |
| ~cpu_clk       | uCPUPipe/uPipeRegs/regFile_reg[13][31][0]     | uDebugCtrl/regFile_reg[19][22]    |                2 |              4 |
| ~cpu_clk       | uCPUPipe/uPipeRegs/regFile_reg[13][31][0]     | uDebugCtrl/regFile_reg[29][14]    |                2 |              4 |
| ~cpu_clk       | uCPUPipe/uPipeRegs/regFile_reg[13][31][0]     | uDebugCtrl/regFile_reg[24][18]    |                2 |              4 |
|  cpu_clk       | uCPUTop/uIfetch/regFile_reg[2][31][0]         | uDebugCtrl/regFile_reg[25][0]     |                4 |              4 |
| ~cpu_clk       | uCPUPipe/uPipeRegs/regFile_reg[13][31][0]     | uDebugCtrl/regFile_reg[12][3]     |                2 |              4 |
|  cpu_clk       | uCPUTop/uIfetch/regFile_reg[29][31][0]        | uDebugCtrl/regFile_reg[5][4]      |                3 |              4 |
| ~cpu_clk       | uCPUPipe/uPipeRegs/regFile_reg[15][31][0]     | uDebugCtrl/regFile_reg[2][11]     |                3 |              4 |
|  cpu_clk       | uCPUTop/uIfetch/regFile_reg[29][31][0]        | uDebugCtrl/regFile_reg[29][16]    |                2 |              4 |
| ~cpu_clk       | uCPUPipe/uPipeRegs/regFile_reg[15][31][0]     | uDebugCtrl/regFile_reg[7][7]      |                3 |              4 |
|  cpu_clk       | uCPUTop/uIfetch/regFile_reg[29][31][0]        | uDebugCtrl/regFile_reg[3][20]     |                4 |              4 |
| ~cpu_clk       | uCPUPipe/uPipeRegs/regFile_reg[15][31][0]     | uDebugCtrl/regFile_reg[29][14]    |                2 |              4 |
| ~cpu_clk       | uCPUPipe/uPipeRegs/regFile_reg[15][31][0]     | uDebugCtrl/regFile_reg[24][18]    |                3 |              4 |
| ~cpu_clk       | uCPUPipe/uPipeRegs/regFile_reg[15][31][0]     | uDebugCtrl/regFile_reg[14][26]    |                4 |              4 |
| ~cpu_clk       | uCPUPipe/uPipeRegs/regFile_reg[15][31][0]     | uDebugCtrl/regFile_reg[12][3]     |                3 |              4 |
|  cpu_clk       | uCPUTop/uIfetch/regFile_reg[29][31][0]        | uDebugCtrl/regFile_reg[11][28]    |                2 |              4 |
| ~cpu_clk       | uCPUPipe/uPipeRegs/regFile_reg[16][31][0]     | uDebugCtrl/regFile_reg[2][11]     |                3 |              4 |
|  cpu_clk       | uCPUTop/uIfetch/regFile_reg[29][31][0]        | uDebugCtrl/regFile_reg[19][24]    |                4 |              4 |
| ~cpu_clk       | uCPUPipe/uPipeRegs/regFile_reg[16][31][0]     | uDebugCtrl/regFile_reg[7][7]      |                2 |              4 |
|  cpu_clk       | uCPUTop/uIfetch/regFile_reg[29][31][0]        | uDebugCtrl/regFile_reg[21][8]     |                4 |              4 |
| ~cpu_clk       | uCPUPipe/uPipeRegs/regFile_reg[16][31][0]     | uDebugCtrl/regFile_reg[29][14]    |                3 |              4 |
| ~cpu_clk       | uCPUPipe/uPipeRegs/regFile_reg[16][31][0]     | uDebugCtrl/regFile_reg[24][18]    |                3 |              4 |
| ~cpu_clk       | uCPUPipe/uPipeRegs/regFile_reg[16][31][0]     | uDebugCtrl/regFile_reg[14][26]    |                3 |              4 |
| ~cpu_clk       | uCPUPipe/uPipeRegs/regFile_reg[16][31][0]     | uDebugCtrl/regFile_reg[12][3]     |                2 |              4 |
|  cpu_clk       | uCPUTop/uIfetch/regFile_reg[29][31][0]        | uDebugCtrl/regFile_reg[25][0]     |                3 |              4 |
|  cpu_clk       | uCPUTop/uIfetch/regFile_reg[11][31][0]        | uDebugCtrl/regFile_reg[5][4]      |                4 |              4 |
|  cpu_clk       | uCPUTop/uIfetch/regFile_reg[11][31][0]        | uDebugCtrl/regFile_reg[29][16]    |                3 |              4 |
| ~cpu_clk       | uCPUPipe/uPipeRegs/regFile_reg[29][31][0]     | uDebugCtrl/regFile_reg[7][7]      |                4 |              4 |
| ~cpu_clk       | uCPUPipe/uPipeRegs/regFile_reg[29][31][0]     | uDebugCtrl/regFile_reg[19][22]    |                4 |              4 |
| ~cpu_clk       | uCPUPipe/uPipeRegs/regFile_reg[29][31][0]     | uDebugCtrl/regFile_reg[29][14]    |                3 |              4 |
| ~cpu_clk       | uCPUPipe/uPipeRegs/regFile_reg[29][31][0]     | uDebugCtrl/regFile_reg[24][18]    |                3 |              4 |
| ~cpu_clk       | uCPUPipe/uPipeRegs/regFile_reg[29][31][0]     | uDebugCtrl/regFile_reg[14][26]    |                4 |              4 |
| ~cpu_clk       | uCPUPipe/uPipeRegs/regFile_reg[29][31][0]     | uDebugCtrl/regFile_reg[12][3]     |                2 |              4 |
|  cpu_clk       | uCPUTop/uIfetch/regFile_reg[11][31][0]        | uDebugCtrl/regFile_reg[3][20]     |                4 |              4 |
| ~cpu_clk       | uCPUPipe/uPipeRegs/regFile_reg[3][31][0]      | uDebugCtrl/regFile_reg[2][11]     |                3 |              4 |
|  cpu_clk       | uCPUTop/uIfetch/regFile_reg[11][31][0]        | uDebugCtrl/regFile_reg[11][28]    |                2 |              4 |
|  cpu_clk       | uCPUTop/uIfetch/regFile_reg[11][31][0]        | uDebugCtrl/regFile_reg[13][12]    |                3 |              4 |
| ~cpu_clk       | uCPUPipe/uPipeRegs/regFile_reg[3][31][0]      | uDebugCtrl/regFile_reg[19][22]    |                4 |              4 |
| ~cpu_clk       | uCPUPipe/uPipeRegs/regFile_reg[3][31][0]      | uDebugCtrl/regFile_reg[29][14]    |                4 |              4 |
| ~cpu_clk       | uCPUPipe/uPipeRegs/regFile_reg[3][31][0]      | uDebugCtrl/regFile_reg[24][18]    |                2 |              4 |
| ~cpu_clk       | uCPUPipe/uPipeRegs/regFile_reg[3][31][0]      | uDebugCtrl/regFile_reg[14][26]    |                4 |              4 |
| ~cpu_clk       | uCPUPipe/uPipeRegs/regFile_reg[3][31][0]      | uDebugCtrl/regFile_reg[12][3]     |                1 |              4 |
| ~cpu_clk       | uCPUPipe/uPipeRegs/regFile_reg[3][31][0]      | uDebugCtrl/AR[2]                  |                3 |              4 |
| ~cpu_clk       | uCPUPipe/uPipeRegs/regFile_reg[4][31][0]      | uDebugCtrl/regFile_reg[2][11]     |                2 |              4 |
|  cpu_clk       | uCPUTop/uIfetch/regFile_reg[11][31][0]        | uDebugCtrl/regFile_reg[21][8]     |                4 |              4 |
|  cpu_clk       | uCPUTop/uIfetch/regFile_reg[22][31][0]        | uDebugCtrl/regFile_reg[29][16]    |                4 |              4 |
| ~cpu_clk       | uCPUPipe/uPipeRegs/regFile_reg[4][31][0]      | uDebugCtrl/regFile_reg[19][22]    |                2 |              4 |
| ~cpu_clk       | uCPUPipe/uPipeRegs/regFile_reg[4][31][0]      | uDebugCtrl/regFile_reg[29][14]    |                2 |              4 |
| ~cpu_clk       | uCPUPipe/uPipeRegs/regFile_reg[4][31][0]      | uDebugCtrl/regFile_reg[24][18]    |                2 |              4 |
| ~cpu_clk       | uCPUPipe/uPipeRegs/regFile_reg[4][31][0]      | uDebugCtrl/regFile_reg[14][26]    |                2 |              4 |
| ~cpu_clk       | uCPUPipe/uPipeRegs/regFile_reg[4][31][0]      | uDebugCtrl/regFile_reg[12][3]     |                2 |              4 |
| ~cpu_clk       | uCPUPipe/uPipeRegs/regFile_reg[4][31][0]      | uDebugCtrl/AR[2]                  |                3 |              4 |
| ~cpu_clk       | uCPUPipe/uPipeRegs/regFile_reg[5][31][0]      | uDebugCtrl/regFile_reg[2][11]     |                3 |              4 |
|  cpu_clk       | uCPUTop/uIfetch/regFile_reg[25][31][0]        | uDebugCtrl/regFile_reg[5][4]      |                4 |              4 |
|  cpu_clk       | uCPUTop/uIfetch/regFile_reg[25][31][0]        | uDebugCtrl/regFile_reg[29][16]    |                2 |              4 |
| ~cpu_clk       | uCPUPipe/uPipeRegs/regFile_reg[5][31][0]      | uDebugCtrl/regFile_reg[19][22]    |                2 |              4 |
| ~cpu_clk       | uCPUPipe/uPipeRegs/regFile_reg[5][31][0]      | uDebugCtrl/regFile_reg[29][14]    |                3 |              4 |
| ~cpu_clk       | uCPUPipe/uPipeRegs/regFile_reg[5][31][0]      | uDebugCtrl/regFile_reg[24][18]    |                2 |              4 |
| ~cpu_clk       | uCPUPipe/uPipeRegs/regFile_reg[5][31][0]      | uDebugCtrl/regFile_reg[14][26]    |                4 |              4 |
| ~cpu_clk       | uCPUPipe/uPipeRegs/regFile_reg[5][31][0]      | uDebugCtrl/regFile_reg[12][3]     |                3 |              4 |
| ~cpu_clk       | uCPUPipe/uPipeRegs/regFile_reg[5][31][0]      | uDebugCtrl/AR[2]                  |                3 |              4 |
| ~cpu_clk       | uCPUPipe/uPipeRegs/regFile_reg[10][31][0]     | uDebugCtrl/regFile_reg[2][11]     |                2 |              4 |
|  cpu_clk       | uCPUTop/uIfetch/regFile_reg[25][31][0]        | uDebugCtrl/regFile_reg[3][20]     |                3 |              4 |
| ~cpu_clk       | uCPUPipe/uPipeRegs/regFile_reg[10][31][0]     | uDebugCtrl/regFile_reg[7][7]      |                3 |              4 |
| ~cpu_clk       | uCPUPipe/uPipeRegs/regFile_reg[10][31][0]     | uDebugCtrl/regFile_reg[19][22]    |                1 |              4 |
| ~cpu_clk       | uCPUPipe/uPipeRegs/regFile_reg[10][31][0]     | uDebugCtrl/regFile_reg[29][14]    |                2 |              4 |
| ~cpu_clk       | uCPUPipe/uPipeRegs/regFile_reg[10][31][0]     | uDebugCtrl/regFile_reg[24][18]    |                2 |              4 |
|  cpu_clk       | uCPUTop/uIfetch/regFile_reg[25][31][0]        | uDebugCtrl/regFile_reg[11][28]    |                2 |              4 |
|  cpu_clk       | uCPUTop/uIfetch/regFile_reg[25][31][0]        | uDebugCtrl/regFile_reg[19][24]    |                4 |              4 |
| ~cpu_clk       | uCPUPipe/uPipeRegs/regFile_reg[10][31][0]     | uDebugCtrl/AR[2]                  |                4 |              4 |
|  cpu_clk       | uCPUTop/uIfetch/regFile_reg[25][31][0]        | uDebugCtrl/regFile_reg[13][12]    |                3 |              4 |
|  clk_IBUF_BUFG | uDebugCtrl/mem_wait_cnt[4]_i_1_n_0            | uDebugCtrl/dmem_wr_data_reg[28]_0 |                2 |              5 |
|  cpu_clk       | uDebugCtrl/E[0]                               | uDebugCtrl/AR[2]                  |                2 |              5 |
|  clk_IBUF_BUFG | uDebugCtrl/payload[3][7]_i_1_n_0              |                                   |                4 |              7 |
|  cpu_clk       | uCPUTop/uIfetch/led_reg_reg[8]_0[0]           | uDebugCtrl/seg_data1_reg_reg[1]   |                3 |              7 |
| ~cpu_clk       |                                               | uDebugCtrl/idex_rs2_val_reg[1][0] |                5 |              7 |
|  cpu_clk       | uCPUTop/uIfetch/seg_cs_reg_reg[0][0]          | uDebugCtrl/seg_data1_reg_reg[1]   |                2 |              7 |
|  cpu_clk       | uCPUTop/uIfetch/seg_data1_reg_reg[0]_1[0]     | uDebugCtrl/seg_data1_reg_reg[1]   |                2 |              7 |
|  cpu_clk       | uCPUTop/uIfetch/seg_data0_reg_reg[0][0]       | uDebugCtrl/seg_data1_reg_reg[1]   |                2 |              7 |
|  clk_IBUF_BUFG | uDebugCtrl/resp_buf[1][7]_i_2_n_0             | uDebugCtrl/resp_buf[1][7]_i_1_n_0 |                7 |              8 |
|  cpu_clk       | uCPUPipe/uPipeRegs/seg_data1_reg_reg[0][0]    | uDebugCtrl/idex_rs2_val_reg[1][0] |                2 |              8 |
|  clk_IBUF_BUFG | uDebugCtrl/tx_start_i_1_n_0                   | uDebugCtrl/dmem_wr_data_reg[28]_0 |                1 |              8 |
|  cpu_clk       | uCPUPipe/uPipeRegs/seg_cs_reg_reg[0][0]       | uDebugCtrl/idex_rs2_val_reg[1][0] |                2 |              8 |
|  clk_IBUF_BUFG | uDebugCtrl/payload[0][7]_i_1_n_0              |                                   |                3 |              8 |
|  cpu_clk       | uCPUTop/uIfetch/led_reg_reg[8]_0[1]           | uDebugCtrl/idex_rs2_val_reg[1][0] |                5 |              8 |
|  clk_IBUF_BUFG | uDebugCtrl/payload[7][7]_i_1_n_0              |                                   |                1 |              8 |
|  clk_IBUF_BUFG | uDebugCtrl/payload[1][7]_i_1_n_0              |                                   |                2 |              8 |
|  clk_IBUF_BUFG | uUartTx/tx_shift[7]_i_1_n_0                   | uDebugCtrl/dmem_wr_data_reg[28]_0 |                1 |              8 |
|  cpu_clk       | uCPUPipe/uPipeRegs/E[1]                       | uDebugCtrl/idex_rs2_val_reg[1][0] |                3 |              8 |
|  cpu_clk       | uCPUPipe/uPipeRegs/E[0]                       | uDebugCtrl/idex_rs2_val_reg[1][0] |                3 |              8 |
|  clk_IBUF_BUFG | uDebugCtrl/payload[5][7]_i_1_n_0              |                                   |                2 |              8 |
|  clk_IBUF_BUFG | uDebugCtrl/payload[2][7]_i_1_n_0              |                                   |                1 |              8 |
|  clk_IBUF_BUFG | uDebugCtrl/payload[6][7]_i_1_n_0              |                                   |                1 |              8 |
|  clk_IBUF_BUFG | uUartRx/rx_data[7]_i_1_n_0                    | uDebugCtrl/dmem_dbg_addr_reg[1]_0 |                1 |              8 |
|  clk_IBUF_BUFG | uDebugCtrl/payload[4][7]_i_1_n_0              |                                   |                1 |              8 |
|  clk_IBUF_BUFG | uDebugCtrl/cmd_reg                            | uDebugCtrl/dmem_dbg_addr_reg[1]_0 |                3 |              8 |
|  cpu_clk       | uCPUPipe/uPipeRegs/seg_data0_reg_reg[0][0]    | uDebugCtrl/idex_rs2_val_reg[1][0] |                2 |              8 |
|  clk_IBUF_BUFG | uDebugCtrl/dbg_reg_addr[4]_i_1_n_0            | uDebugCtrl/dmem_dbg_addr_reg[1]_0 |                3 |              9 |
|  vga_clk       | uVGA/v_cnt                                    | uVGA/h_cnt_reg[9]_0               |                4 |             10 |
|  cpu_clk       | uCPUPipe/uPipeRegs/ifid_pc[31]_i_1_n_0        | uDebugCtrl/AR[2]                  |                2 |             10 |
|  cpu_clk       | uCPUPipe/uPipeRegs/pc_reg_reg[0][0]           | uDebugCtrl/idex_rs2_val_reg[1][1] |                4 |             11 |
|  clk_IBUF_BUFG | uDebugCtrl/inst_dbg_addr[12]_i_1_n_0          | uDebugCtrl/dmem_wr_data_reg[28]_0 |                5 |             11 |
|  clk_IBUF_BUFG | uDebugCtrl/dmem_wr_data[31]_i_1_n_0           | uDebugCtrl/dmem_dbg_addr_reg[1]_0 |                6 |             11 |
|  vga_clk       | uVGA/fb_addr_reg                              | uVGA/h_cnt_reg[9]_0               |                4 |             13 |
|  cpu_clk       | uDebugCtrl/E[0]                               | uDebugCtrl/seg_data1_reg_reg[1]   |                5 |             14 |
|  clk_IBUF_BUFG | uDebugCtrl/dmem_dbg_addr[31]_i_1_n_0          | uDebugCtrl/dmem_dbg_addr_reg[1]_0 |                5 |             15 |
| ~cpu_clk       |                                               | uDebugCtrl/idex_rs2_val_reg[1][1] |                4 |             16 |
|  clk_IBUF_BUFG | uUartRx/clk_cnt[15]_i_1_n_0                   | uDebugCtrl/dmem_dbg_addr_reg[1]_0 |                6 |             16 |
|  clk_IBUF_BUFG | uDebugCtrl/dmem_dbg_addr[31]_i_1_n_0          | uDebugCtrl/dmem_wr_data_reg[28]_0 |                5 |             16 |
|  clk_IBUF_BUFG | uDebugCtrl/dmem_wr_data[31]_i_1_n_0           | uDebugCtrl/dmem_wr_data_reg[28]_0 |                8 |             21 |
|  cpu_clk       | uCPUPipe/uPipeRegs/pc_reg_reg[0][0]           | uDebugCtrl/AR[1]                  |                8 |             21 |
|  clk_IBUF_BUFG |                                               | uDebugCtrl/dmem_dbg_addr_reg[1]_0 |                8 |             21 |
|  cpu_clk       | uCPUPipe/uPipeRegs/ifid_pc[31]_i_1_n_0        | uDebugCtrl/regFile_reg[9][30]     |                3 |             22 |
|  clk_IBUF_BUFG | uDebugCtrl/resp_buf[2][7]_i_2_n_0             | uDebugCtrl/resp_buf[2][7]_i_1_n_0 |               21 |             24 |
|  cpu_clk       | uCPUPipe/uPipeRegs/ifid_pc[31]_i_1_n_0        | uDebugCtrl/AR[1]                  |                6 |             31 |
|  cpu_clk       | uCPUPipe/uPipeRegs/idex_pc[31]_i_1_n_0        | uDebugCtrl/AR[1]                  |                7 |             32 |
|  cpu_clk       | uCPUPipe/uPipeRegs/ifid_pc[31]_i_1_n_0        | uDebugCtrl/AR[0]                  |                5 |             32 |
|  clk_IBUF_BUFG | uDebugCtrl/inst_wr_data[31]_i_1_n_0           | uDebugCtrl/dmem_dbg_addr_reg[1]_0 |                6 |             32 |
|  cpu_clk       |                                               | uDebugCtrl/AR[0]                  |                8 |             32 |
|  cpu_clk       | uDebugCtrl/E[0]                               | uDebugCtrl/AR[0]                  |               10 |             35 |
|  cpu_clk       | uDebugCtrl/E[0]                               | uDebugCtrl/AR[1]                  |               17 |             38 |
|  clk_IBUF_BUFG |                                               | uDebugCtrl/dmem_wr_data_reg[28]_0 |               14 |             38 |
| ~cpu_clk       |                                               | uDebugCtrl/idex_rs2_val_reg[1][2] |               22 |             42 |
|  cpu_clk       | uDebugCtrl/E[0]                               | uDebugCtrl/regFile_reg[9][30]     |               22 |             46 |
|  cpu_clk       |                                               | uDebugCtrl/idex_rs2_val_reg[1][1] |               25 |             46 |
|  cpu_clk       | uDebugCtrl/E[0]                               | uDebugCtrl/idex_rs2_val_reg[1][1] |               22 |             50 |
|  vga_clk       |                                               | uVGA/h_cnt_reg[9]_0               |               17 |             53 |
|  cpu_clk       | uDebugCtrl/E[0]                               | uDebugCtrl/idex_rs2_val_reg[1][0] |               28 |             68 |
|  cpu_clk       | uDebugCtrl/E[0]                               | uDebugCtrl/idex_rs2_val_reg[1][2] |               27 |             81 |
|  cpu_clk       | uCPUTop/uIfetch/mem_reg_512_767_0_0_i_1_n_0   |                                   |               32 |            128 |
|  cpu_clk       | uCPUTop/uIfetch/mem_reg_0_255_0_0_i_1_n_0     |                                   |               32 |            128 |
|  cpu_clk       | uCPUTop/uIfetch/mem_reg_768_1023_0_0_i_1_n_0  |                                   |               32 |            128 |
|  cpu_clk       | uCPUTop/uIfetch/mem_reg_1280_1535_0_0_i_1_n_0 |                                   |               32 |            128 |
|  cpu_clk       | uCPUTop/uIfetch/mem_reg_256_511_0_0_i_1_n_0   |                                   |               32 |            128 |
|  cpu_clk       | uCPUTop/uIfetch/mem_reg_1792_2047_0_0_i_1_n_0 |                                   |               32 |            128 |
|  cpu_clk       | uCPUTop/uIfetch/mem_reg_1536_1791_0_0_i_1_n_0 |                                   |               32 |            128 |
|  cpu_clk       | uCPUTop/uIfetch/mem_reg_1024_1279_0_0_i_1_n_0 |                                   |               32 |            128 |
+----------------+-----------------------------------------------+-----------------------------------+------------------+----------------+


+--------+-----------------------+
| Fanout | Number of ControlSets |
+--------+-----------------------+
| 1      |                    25 |
| 2      |                    24 |
| 3      |                    68 |
| 4      |                   433 |
| 5      |                     2 |
| 7      |                     6 |
| 8      |                    18 |
| 9      |                     1 |
| 10     |                     2 |
| 11     |                     3 |
| 13     |                     1 |
| 14     |                     1 |
| 15     |                     1 |
| 16+    |                    31 |
+--------+-----------------------+


